TimeQuest Timing Analyzer report for parcial_digitales
Thu Dec 15 16:14:50 2022
Quartus II 64-Bit Version 13.1.0 Build 162 10/23/2013 SJ Web Edition


---------------------
; Table of Contents ;
---------------------
  1. Legal Notice
  2. TimeQuest Timing Analyzer Summary
  3. Parallel Compilation
  4. Clocks
  5. Slow 1200mV 85C Model Fmax Summary
  6. Timing Closure Recommendations
  7. Slow 1200mV 85C Model Setup Summary
  8. Slow 1200mV 85C Model Hold Summary
  9. Slow 1200mV 85C Model Recovery Summary
 10. Slow 1200mV 85C Model Removal Summary
 11. Slow 1200mV 85C Model Minimum Pulse Width Summary
 12. Propagation Delay
 13. Minimum Propagation Delay
 14. Slow 1200mV 85C Model Metastability Report
 15. Slow 1200mV 0C Model Fmax Summary
 16. Slow 1200mV 0C Model Setup Summary
 17. Slow 1200mV 0C Model Hold Summary
 18. Slow 1200mV 0C Model Recovery Summary
 19. Slow 1200mV 0C Model Removal Summary
 20. Slow 1200mV 0C Model Minimum Pulse Width Summary
 21. Propagation Delay
 22. Minimum Propagation Delay
 23. Slow 1200mV 0C Model Metastability Report
 24. Fast 1200mV 0C Model Setup Summary
 25. Fast 1200mV 0C Model Hold Summary
 26. Fast 1200mV 0C Model Recovery Summary
 27. Fast 1200mV 0C Model Removal Summary
 28. Fast 1200mV 0C Model Minimum Pulse Width Summary
 29. Propagation Delay
 30. Minimum Propagation Delay
 31. Fast 1200mV 0C Model Metastability Report
 32. Multicorner Timing Analysis Summary
 33. Propagation Delay
 34. Minimum Propagation Delay
 35. Board Trace Model Assignments
 36. Input Transition Times
 37. Slow Corner Signal Integrity Metrics
 38. Fast Corner Signal Integrity Metrics
 39. Clock Transfers
 40. Report TCCS
 41. Report RSKM
 42. Unconstrained Paths
 43. TimeQuest Timing Analyzer Messages



----------------
; Legal Notice ;
----------------
Copyright (C) 1991-2013 Altera Corporation
Your use of Altera Corporation's design tools, logic functions 
and other software and tools, and its AMPP partner logic 
functions, and any output files from any of the foregoing 
(including device programming or simulation files), and any 
associated documentation or information are expressly subject 
to the terms and conditions of the Altera Program License 
Subscription Agreement, Altera MegaCore Function License 
Agreement, or other applicable license agreement, including, 
without limitation, that your use is for the sole purpose of 
programming logic devices manufactured by Altera and sold by 
Altera or its authorized distributors.  Please refer to the 
applicable agreement for further details.



+-------------------------------------------------------------------------+
; TimeQuest Timing Analyzer Summary                                       ;
+--------------------+----------------------------------------------------+
; Quartus II Version ; Version 13.1.0 Build 162 10/23/2013 SJ Web Edition ;
; Revision Name      ; parcial_digitales                                  ;
; Device Family      ; Cyclone III                                        ;
; Device Name        ; EP3C16F484C6                                       ;
; Timing Models      ; Final                                              ;
; Delay Model        ; Combined                                           ;
; Rise/Fall Delays   ; Enabled                                            ;
+--------------------+----------------------------------------------------+


+------------------------------------------+
; Parallel Compilation                     ;
+----------------------------+-------------+
; Processors                 ; Number      ;
+----------------------------+-------------+
; Number detected on machine ; 8           ;
; Maximum allowed            ; 4           ;
;                            ;             ;
; Average used               ; 1.00        ;
; Maximum used               ; 4           ;
;                            ;             ;
; Usage by Processor         ; % Time Used ;
;     Processor 1            ; 100.0%      ;
;     Processors 2-4         ; < 0.1%      ;
;     Processors 5-8         ;   0.0%      ;
+----------------------------+-------------+


----------
; Clocks ;
----------
No clocks to report.


--------------------------------------
; Slow 1200mV 85C Model Fmax Summary ;
--------------------------------------
No paths to report.


----------------------------------
; Timing Closure Recommendations ;
----------------------------------
HTML report is unavailable in plain text report export.


---------------------------------------
; Slow 1200mV 85C Model Setup Summary ;
---------------------------------------
No paths to report.


--------------------------------------
; Slow 1200mV 85C Model Hold Summary ;
--------------------------------------
No paths to report.


------------------------------------------
; Slow 1200mV 85C Model Recovery Summary ;
------------------------------------------
No paths to report.


-----------------------------------------
; Slow 1200mV 85C Model Removal Summary ;
-----------------------------------------
No paths to report.


-----------------------------------------------------
; Slow 1200mV 85C Model Minimum Pulse Width Summary ;
-----------------------------------------------------
No paths to report.


+--------------------------------------------------------------+
; Propagation Delay                                            ;
+------------+-------------+--------+--------+--------+--------+
; Input Port ; Output Port ; RR     ; RF     ; FR     ; FF     ;
+------------+-------------+--------+--------+--------+--------+
; A0         ; C0          ; 11.621 ; 11.853 ; 12.066 ; 12.166 ;
; A0         ; a           ; 13.334 ; 13.491 ; 13.647 ; 13.804 ;
; A0         ; b           ; 13.003 ; 13.067 ; 13.316 ; 13.380 ;
; A0         ; c           ; 13.451 ; 13.452 ; 13.764 ; 13.765 ;
; A0         ; d           ; 13.573 ; 13.723 ; 13.886 ; 14.036 ;
; A0         ; e           ; 12.740 ; 12.758 ; 13.053 ; 13.071 ;
; A0         ; f           ; 12.589 ; 12.599 ; 12.902 ; 12.912 ;
; A0         ; g           ; 13.306 ; 13.235 ; 13.619 ; 13.548 ;
; A1         ; C0          ; 11.379 ; 11.501 ; 11.786 ; 11.876 ;
; A1         ; a           ; 12.982 ; 13.139 ; 13.357 ; 13.514 ;
; A1         ; b           ; 12.651 ; 12.715 ; 13.026 ; 13.090 ;
; A1         ; c           ; 13.099 ; 13.100 ; 13.474 ; 13.475 ;
; A1         ; d           ; 13.221 ; 13.371 ; 13.596 ; 13.746 ;
; A1         ; e           ; 12.388 ; 12.406 ; 12.763 ; 12.781 ;
; A1         ; f           ; 12.237 ; 12.247 ; 12.612 ; 12.622 ;
; A1         ; g           ; 12.954 ; 12.883 ; 13.329 ; 13.258 ;
; A2         ; C0          ; 11.108 ; 11.180 ; 11.510 ; 11.550 ;
; A2         ; a           ; 12.661 ; 12.818 ; 13.031 ; 13.188 ;
; A2         ; b           ; 12.330 ; 12.394 ; 12.700 ; 12.764 ;
; A2         ; c           ; 12.778 ; 12.779 ; 13.148 ; 13.149 ;
; A2         ; d           ; 12.900 ; 13.050 ; 13.270 ; 13.420 ;
; A2         ; e           ; 12.067 ; 12.085 ; 12.437 ; 12.455 ;
; A2         ; f           ; 11.916 ; 11.926 ; 12.286 ; 12.296 ;
; A2         ; g           ; 12.633 ; 12.562 ; 13.003 ; 12.932 ;
; A3         ; C0          ; 10.649 ; 10.758 ; 11.104 ; 11.119 ;
; A3         ; a           ; 12.239 ; 12.396 ; 12.600 ; 12.757 ;
; A3         ; b           ; 11.908 ; 11.972 ; 12.269 ; 12.333 ;
; A3         ; c           ; 12.356 ; 12.357 ; 12.717 ; 12.718 ;
; A3         ; d           ; 12.478 ; 12.628 ; 12.839 ; 12.989 ;
; A3         ; e           ; 11.645 ; 11.663 ; 12.006 ; 12.024 ;
; A3         ; f           ; 11.494 ; 11.504 ; 11.855 ; 11.865 ;
; A3         ; g           ; 12.211 ; 12.140 ; 12.572 ; 12.501 ;
; B0         ; C0          ; 11.528 ; 11.686 ; 11.896 ; 12.086 ;
; B0         ; a           ; 13.167 ; 13.324 ; 13.567 ; 13.724 ;
; B0         ; b           ; 12.836 ; 12.900 ; 13.236 ; 13.300 ;
; B0         ; c           ; 13.284 ; 13.285 ; 13.684 ; 13.685 ;
; B0         ; d           ; 13.406 ; 13.556 ; 13.806 ; 13.956 ;
; B0         ; e           ; 12.573 ; 12.591 ; 12.973 ; 12.991 ;
; B0         ; f           ; 12.422 ; 12.432 ; 12.822 ; 12.832 ;
; B0         ; g           ; 13.139 ; 13.068 ; 13.539 ; 13.468 ;
; B1         ; C0          ; 11.386 ; 11.494 ; 11.774 ; 11.933 ;
; B1         ; a           ; 12.975 ; 13.132 ; 13.414 ; 13.571 ;
; B1         ; b           ; 12.644 ; 12.708 ; 13.083 ; 13.147 ;
; B1         ; c           ; 13.092 ; 13.093 ; 13.531 ; 13.532 ;
; B1         ; d           ; 13.214 ; 13.364 ; 13.653 ; 13.803 ;
; B1         ; e           ; 12.381 ; 12.399 ; 12.820 ; 12.838 ;
; B1         ; f           ; 12.230 ; 12.240 ; 12.669 ; 12.679 ;
; B1         ; g           ; 12.947 ; 12.876 ; 13.386 ; 13.315 ;
; B2         ; C0          ; 10.824 ; 10.899 ; 11.190 ; 11.316 ;
; B2         ; a           ; 12.380 ; 12.537 ; 12.797 ; 12.954 ;
; B2         ; b           ; 12.049 ; 12.113 ; 12.466 ; 12.530 ;
; B2         ; c           ; 12.497 ; 12.498 ; 12.914 ; 12.915 ;
; B2         ; d           ; 12.619 ; 12.769 ; 13.036 ; 13.186 ;
; B2         ; e           ; 11.786 ; 11.804 ; 12.203 ; 12.221 ;
; B2         ; f           ; 11.635 ; 11.645 ; 12.052 ; 12.062 ;
; B2         ; g           ; 12.352 ; 12.281 ; 12.769 ; 12.698 ;
; B3         ; C0          ; 9.565  ; 9.634  ; 9.938  ; 10.039 ;
; B3         ; a           ; 11.115 ; 11.272 ; 11.520 ; 11.677 ;
; B3         ; b           ; 10.784 ; 10.848 ; 11.189 ; 11.253 ;
; B3         ; c           ; 11.232 ; 11.233 ; 11.637 ; 11.638 ;
; B3         ; d           ; 11.354 ; 11.504 ; 11.759 ; 11.909 ;
; B3         ; e           ; 10.521 ; 10.539 ; 10.926 ; 10.944 ;
; B3         ; f           ; 10.370 ; 10.380 ; 10.775 ; 10.785 ;
; B3         ; g           ; 11.087 ; 11.016 ; 11.492 ; 11.421 ;
; S0         ; C0          ; 11.227 ; 11.387 ; 11.655 ; 11.806 ;
; S0         ; a           ; 12.868 ; 13.025 ; 13.287 ; 13.444 ;
; S0         ; b           ; 12.537 ; 12.601 ; 12.956 ; 13.020 ;
; S0         ; c           ; 12.985 ; 12.986 ; 13.404 ; 13.405 ;
; S0         ; d           ; 13.107 ; 13.257 ; 13.526 ; 13.676 ;
; S0         ; e           ; 12.274 ; 12.292 ; 12.693 ; 12.711 ;
; S0         ; f           ; 12.123 ; 12.133 ; 12.542 ; 12.552 ;
; S0         ; g           ; 12.840 ; 12.769 ; 13.259 ; 13.188 ;
; S1         ; C0          ; 11.759 ; 11.958 ; 12.204 ; 12.385 ;
; S1         ; a           ; 13.439 ; 13.596 ; 13.866 ; 14.023 ;
; S1         ; b           ; 13.108 ; 13.172 ; 13.535 ; 13.599 ;
; S1         ; c           ; 13.556 ; 13.557 ; 13.983 ; 13.984 ;
; S1         ; d           ; 13.678 ; 13.828 ; 14.105 ; 14.255 ;
; S1         ; e           ; 12.845 ; 12.863 ; 13.272 ; 13.290 ;
; S1         ; f           ; 12.694 ; 12.704 ; 13.121 ; 13.131 ;
; S1         ; g           ; 13.411 ; 13.340 ; 13.838 ; 13.767 ;
+------------+-------------+--------+--------+--------+--------+


+----------------------------------------------------------+
; Minimum Propagation Delay                                ;
+------------+-------------+-------+-------+-------+-------+
; Input Port ; Output Port ; RR    ; RF    ; FR    ; FF    ;
+------------+-------------+-------+-------+-------+-------+
; A0         ; C0          ; 8.384 ; 8.366 ; 8.798 ; 8.771 ;
; A0         ; a           ; 8.030 ; 8.061 ; 8.420 ; 8.437 ;
; A0         ; b           ; 9.030 ; 9.132 ; 9.408 ; 9.517 ;
; A0         ; c           ; 9.324 ; 9.342 ; 9.714 ; 9.732 ;
; A0         ; d           ; 9.283 ; 9.254 ; 9.661 ; 9.639 ;
; A0         ; e           ; 8.624 ; 8.634 ; 9.014 ; 9.024 ;
; A0         ; f           ; 8.467 ; 8.464 ; 8.857 ; 8.854 ;
; A0         ; g           ; 9.157 ; 9.075 ; 9.547 ; 9.465 ;
; A1         ; C0          ; 8.214 ; 8.191 ; 8.583 ; 8.556 ;
; A1         ; a           ; 8.848 ; 8.900 ; 9.216 ; 9.268 ;
; A1         ; b           ; 8.714 ; 8.823 ; 9.082 ; 9.191 ;
; A1         ; c           ; 9.150 ; 9.185 ; 9.518 ; 9.553 ;
; A1         ; d           ; 8.967 ; 8.945 ; 9.335 ; 9.313 ;
; A1         ; e           ; 8.499 ; 8.525 ; 8.867 ; 8.893 ;
; A1         ; f           ; 8.360 ; 8.355 ; 8.728 ; 8.723 ;
; A1         ; g           ; 9.041 ; 8.966 ; 9.409 ; 9.334 ;
; A2         ; C0          ; 8.006 ; 8.022 ; 8.427 ; 8.377 ;
; A2         ; a           ; 9.039 ; 9.068 ; 9.411 ; 9.449 ;
; A2         ; b           ; 8.831 ; 8.900 ; 9.246 ; 9.315 ;
; A2         ; c           ; 9.370 ; 9.333 ; 9.747 ; 9.748 ;
; A2         ; d           ; 9.132 ; 9.051 ; 9.509 ; 9.466 ;
; A2         ; e           ; 8.614 ; 8.679 ; 9.029 ; 9.056 ;
; A2         ; f           ; 8.514 ; 8.456 ; 8.891 ; 8.871 ;
; A2         ; g           ; 9.195 ; 9.069 ; 9.582 ; 9.484 ;
; A3         ; C0          ; 7.301 ; 7.274 ; 7.741 ; 7.714 ;
; A3         ; a           ; 8.660 ; 8.689 ; 9.066 ; 9.103 ;
; A3         ; b           ; 8.331 ; 8.424 ; 8.771 ; 8.864 ;
; A3         ; c           ; 8.801 ; 8.799 ; 9.241 ; 9.239 ;
; A3         ; d           ; 8.577 ; 8.597 ; 9.017 ; 9.037 ;
; A3         ; e           ; 8.111 ; 8.138 ; 8.551 ; 8.578 ;
; A3         ; f           ; 7.965 ; 7.985 ; 8.405 ; 8.425 ;
; A3         ; g           ; 8.657 ; 8.597 ; 9.097 ; 9.037 ;
; B0         ; C0          ; 8.294 ; 8.276 ; 8.653 ; 8.635 ;
; B0         ; a           ; 7.942 ; 7.962 ; 8.301 ; 8.332 ;
; B0         ; b           ; 8.940 ; 9.042 ; 9.299 ; 9.401 ;
; B0         ; c           ; 9.236 ; 9.254 ; 9.595 ; 9.613 ;
; B0         ; d           ; 9.193 ; 9.164 ; 9.552 ; 9.523 ;
; B0         ; e           ; 8.536 ; 8.546 ; 8.895 ; 8.905 ;
; B0         ; f           ; 8.379 ; 8.376 ; 8.738 ; 8.735 ;
; B0         ; g           ; 9.069 ; 8.987 ; 9.428 ; 9.346 ;
; B1         ; C0          ; 8.192 ; 8.165 ; 8.576 ; 8.558 ;
; B1         ; a           ; 8.920 ; 8.972 ; 9.344 ; 9.396 ;
; B1         ; b           ; 8.786 ; 8.895 ; 9.210 ; 9.319 ;
; B1         ; c           ; 9.222 ; 9.257 ; 9.646 ; 9.681 ;
; B1         ; d           ; 9.039 ; 9.017 ; 9.463 ; 9.441 ;
; B1         ; e           ; 8.571 ; 8.597 ; 8.995 ; 9.021 ;
; B1         ; f           ; 8.432 ; 8.427 ; 8.856 ; 8.851 ;
; B1         ; g           ; 9.113 ; 9.038 ; 9.537 ; 9.462 ;
; B2         ; C0          ; 6.938 ; 6.956 ; 7.369 ; 7.310 ;
; B2         ; a           ; 8.237 ; 8.371 ; 8.649 ; 8.746 ;
; B2         ; b           ; 7.766 ; 7.835 ; 8.178 ; 8.247 ;
; B2         ; c           ; 8.304 ; 8.268 ; 8.679 ; 8.680 ;
; B2         ; d           ; 8.066 ; 7.986 ; 8.441 ; 8.398 ;
; B2         ; e           ; 7.549 ; 7.613 ; 7.961 ; 7.988 ;
; B2         ; f           ; 7.448 ; 7.391 ; 7.823 ; 7.803 ;
; B2         ; g           ; 8.130 ; 8.004 ; 8.514 ; 8.416 ;
; B3         ; C0          ; 7.287 ; 7.260 ; 7.685 ; 7.658 ;
; B3         ; a           ; 7.698 ; 7.727 ; 8.061 ; 8.090 ;
; B3         ; b           ; 8.317 ; 8.410 ; 8.715 ; 8.808 ;
; B3         ; c           ; 8.787 ; 8.785 ; 9.185 ; 9.183 ;
; B3         ; d           ; 8.563 ; 8.583 ; 8.961 ; 8.981 ;
; B3         ; e           ; 8.097 ; 8.124 ; 8.495 ; 8.522 ;
; B3         ; f           ; 7.951 ; 7.971 ; 8.349 ; 8.369 ;
; B3         ; g           ; 8.643 ; 8.583 ; 9.041 ; 8.981 ;
; S0         ; C0          ; 7.732 ; 6.835 ; 7.239 ; 8.111 ;
; S0         ; a           ; 7.462 ; 7.451 ; 7.836 ; 7.886 ;
; S0         ; b           ; 7.865 ; 7.958 ; 8.268 ; 8.361 ;
; S0         ; c           ; 8.364 ; 8.333 ; 8.730 ; 8.736 ;
; S0         ; d           ; 8.111 ; 8.160 ; 8.514 ; 8.526 ;
; S0         ; e           ; 7.645 ; 7.701 ; 8.048 ; 8.067 ;
; S0         ; f           ; 7.499 ; 7.548 ; 7.902 ; 7.914 ;
; S0         ; g           ; 8.191 ; 8.160 ; 8.594 ; 8.526 ;
; S1         ; C0          ; 6.668 ; 6.683 ; 7.098 ; 7.065 ;
; S1         ; a           ; 8.134 ; 8.163 ; 8.546 ; 8.563 ;
; S1         ; b           ; 7.693 ; 7.786 ; 8.106 ; 8.199 ;
; S1         ; c           ; 8.193 ; 8.161 ; 8.568 ; 8.574 ;
; S1         ; d           ; 7.939 ; 7.989 ; 8.352 ; 8.364 ;
; S1         ; e           ; 7.473 ; 7.530 ; 7.886 ; 7.905 ;
; S1         ; f           ; 7.327 ; 7.377 ; 7.740 ; 7.752 ;
; S1         ; g           ; 8.019 ; 7.989 ; 8.432 ; 8.364 ;
+------------+-------------+-------+-------+-------+-------+


----------------------------------------------
; Slow 1200mV 85C Model Metastability Report ;
----------------------------------------------
No synchronizer chains to report.


-------------------------------------
; Slow 1200mV 0C Model Fmax Summary ;
-------------------------------------
No paths to report.


--------------------------------------
; Slow 1200mV 0C Model Setup Summary ;
--------------------------------------
No paths to report.


-------------------------------------
; Slow 1200mV 0C Model Hold Summary ;
-------------------------------------
No paths to report.


-----------------------------------------
; Slow 1200mV 0C Model Recovery Summary ;
-----------------------------------------
No paths to report.


----------------------------------------
; Slow 1200mV 0C Model Removal Summary ;
----------------------------------------
No paths to report.


----------------------------------------------------
; Slow 1200mV 0C Model Minimum Pulse Width Summary ;
----------------------------------------------------
No paths to report.


+--------------------------------------------------------------+
; Propagation Delay                                            ;
+------------+-------------+--------+--------+--------+--------+
; Input Port ; Output Port ; RR     ; RF     ; FR     ; FF     ;
+------------+-------------+--------+--------+--------+--------+
; A0         ; C0          ; 10.719 ; 10.809 ; 11.085 ; 11.059 ;
; A0         ; a           ; 12.090 ; 12.288 ; 12.347 ; 12.538 ;
; A0         ; b           ; 11.844 ; 11.930 ; 12.094 ; 12.180 ;
; A0         ; c           ; 12.195 ; 12.282 ; 12.445 ; 12.532 ;
; A0         ; d           ; 12.391 ; 12.445 ; 12.648 ; 12.695 ;
; A0         ; e           ; 11.574 ; 11.638 ; 11.824 ; 11.888 ;
; A0         ; f           ; 11.437 ; 11.495 ; 11.687 ; 11.745 ;
; A0         ; g           ; 12.079 ; 12.088 ; 12.329 ; 12.338 ;
; A1         ; C0          ; 10.494 ; 10.493 ; 10.833 ; 10.802 ;
; A1         ; a           ; 11.774 ; 11.972 ; 12.095 ; 12.281 ;
; A1         ; b           ; 11.528 ; 11.614 ; 11.837 ; 11.923 ;
; A1         ; c           ; 11.879 ; 11.966 ; 12.188 ; 12.275 ;
; A1         ; d           ; 12.075 ; 12.129 ; 12.396 ; 12.438 ;
; A1         ; e           ; 11.258 ; 11.322 ; 11.567 ; 11.631 ;
; A1         ; f           ; 11.121 ; 11.179 ; 11.430 ; 11.488 ;
; A1         ; g           ; 11.763 ; 11.772 ; 12.072 ; 12.081 ;
; A2         ; C0          ; 10.241 ; 10.208 ; 10.572 ; 10.509 ;
; A2         ; a           ; 11.503 ; 11.687 ; 11.834 ; 12.003 ;
; A2         ; b           ; 11.243 ; 11.329 ; 11.562 ; 11.648 ;
; A2         ; c           ; 11.594 ; 11.681 ; 11.913 ; 11.992 ;
; A2         ; d           ; 11.804 ; 11.844 ; 12.135 ; 12.160 ;
; A2         ; e           ; 10.973 ; 11.037 ; 11.284 ; 11.356 ;
; A2         ; f           ; 10.836 ; 10.894 ; 11.147 ; 11.213 ;
; A2         ; g           ; 11.478 ; 11.487 ; 11.789 ; 11.806 ;
; A3         ; C0          ; 9.815  ; 9.862  ; 10.197 ; 10.160 ;
; A3         ; a           ; 11.143 ; 11.341 ; 11.459 ; 11.639 ;
; A3         ; b           ; 10.897 ; 10.983 ; 11.195 ; 11.281 ;
; A3         ; c           ; 11.248 ; 11.335 ; 11.546 ; 11.633 ;
; A3         ; d           ; 11.444 ; 11.498 ; 11.760 ; 11.796 ;
; A3         ; e           ; 10.627 ; 10.691 ; 10.925 ; 10.989 ;
; A3         ; f           ; 10.490 ; 10.548 ; 10.788 ; 10.846 ;
; A3         ; g           ; 11.132 ; 11.141 ; 11.430 ; 11.439 ;
; B0         ; C0          ; 10.632 ; 10.654 ; 10.933 ; 10.984 ;
; B0         ; a           ; 11.935 ; 12.133 ; 12.265 ; 12.463 ;
; B0         ; b           ; 11.689 ; 11.775 ; 12.019 ; 12.105 ;
; B0         ; c           ; 12.040 ; 12.127 ; 12.370 ; 12.457 ;
; B0         ; d           ; 12.236 ; 12.290 ; 12.566 ; 12.620 ;
; B0         ; e           ; 11.419 ; 11.483 ; 11.749 ; 11.813 ;
; B0         ; f           ; 11.282 ; 11.340 ; 11.612 ; 11.670 ;
; B0         ; g           ; 11.924 ; 11.933 ; 12.254 ; 12.263 ;
; B1         ; C0          ; 10.503 ; 10.486 ; 10.807 ; 10.839 ;
; B1         ; a           ; 11.767 ; 11.965 ; 12.120 ; 12.318 ;
; B1         ; b           ; 11.521 ; 11.607 ; 11.874 ; 11.960 ;
; B1         ; c           ; 11.872 ; 11.959 ; 12.225 ; 12.312 ;
; B1         ; d           ; 12.068 ; 12.122 ; 12.421 ; 12.475 ;
; B1         ; e           ; 11.251 ; 11.315 ; 11.604 ; 11.668 ;
; B1         ; f           ; 11.114 ; 11.172 ; 11.467 ; 11.525 ;
; B1         ; g           ; 11.756 ; 11.765 ; 12.109 ; 12.118 ;
; B2         ; C0          ; 10.008 ; 9.963  ; 10.283 ; 10.287 ;
; B2         ; a           ; 11.270 ; 11.442 ; 11.568 ; 11.766 ;
; B2         ; b           ; 10.998 ; 11.084 ; 11.322 ; 11.408 ;
; B2         ; c           ; 11.349 ; 11.436 ; 11.673 ; 11.760 ;
; B2         ; d           ; 11.571 ; 11.599 ; 11.869 ; 11.923 ;
; B2         ; e           ; 10.728 ; 10.792 ; 11.052 ; 11.116 ;
; B2         ; f           ; 10.591 ; 10.649 ; 10.915 ; 10.973 ;
; B2         ; g           ; 11.233 ; 11.242 ; 11.557 ; 11.566 ;
; B3         ; C0          ; 8.844  ; 8.822  ; 9.156  ; 9.164  ;
; B3         ; a           ; 10.106 ; 10.301 ; 10.445 ; 10.643 ;
; B3         ; b           ; 9.857  ; 9.943  ; 10.199 ; 10.285 ;
; B3         ; c           ; 10.208 ; 10.295 ; 10.550 ; 10.637 ;
; B3         ; d           ; 10.407 ; 10.458 ; 10.746 ; 10.800 ;
; B3         ; e           ; 9.587  ; 9.651  ; 9.929  ; 9.993  ;
; B3         ; f           ; 9.450  ; 9.508  ; 9.792  ; 9.850  ;
; B3         ; g           ; 10.092 ; 10.101 ; 10.434 ; 10.443 ;
; S0         ; C0          ; 10.366 ; 10.390 ; 10.718 ; 10.734 ;
; S0         ; a           ; 11.671 ; 11.869 ; 12.015 ; 12.213 ;
; S0         ; b           ; 11.425 ; 11.511 ; 11.769 ; 11.855 ;
; S0         ; c           ; 11.776 ; 11.863 ; 12.120 ; 12.207 ;
; S0         ; d           ; 11.972 ; 12.026 ; 12.316 ; 12.370 ;
; S0         ; e           ; 11.155 ; 11.219 ; 11.499 ; 11.563 ;
; S0         ; f           ; 11.018 ; 11.076 ; 11.362 ; 11.420 ;
; S0         ; g           ; 11.660 ; 11.669 ; 12.004 ; 12.013 ;
; S1         ; C0          ; 10.832 ; 10.896 ; 11.216 ; 11.258 ;
; S1         ; a           ; 12.177 ; 12.375 ; 12.539 ; 12.737 ;
; S1         ; b           ; 11.931 ; 12.017 ; 12.293 ; 12.379 ;
; S1         ; c           ; 12.282 ; 12.369 ; 12.644 ; 12.731 ;
; S1         ; d           ; 12.478 ; 12.532 ; 12.840 ; 12.894 ;
; S1         ; e           ; 11.661 ; 11.725 ; 12.023 ; 12.087 ;
; S1         ; f           ; 11.524 ; 11.582 ; 11.886 ; 11.944 ;
; S1         ; g           ; 12.166 ; 12.175 ; 12.528 ; 12.537 ;
+------------+-------------+--------+--------+--------+--------+


+----------------------------------------------------------+
; Minimum Propagation Delay                                ;
+------------+-------------+-------+-------+-------+-------+
; Input Port ; Output Port ; RR    ; RF    ; FR    ; FF    ;
+------------+-------------+-------+-------+-------+-------+
; A0         ; C0          ; 7.795 ; 7.749 ; 8.101 ; 8.049 ;
; A0         ; a           ; 7.389 ; 7.470 ; 7.707 ; 7.769 ;
; A0         ; b           ; 8.357 ; 8.447 ; 8.659 ; 8.755 ;
; A0         ; c           ; 8.534 ; 8.651 ; 8.852 ; 8.969 ;
; A0         ; d           ; 8.620 ; 8.493 ; 8.922 ; 8.801 ;
; A0         ; e           ; 7.942 ; 7.976 ; 8.260 ; 8.294 ;
; A0         ; f           ; 7.778 ; 7.846 ; 8.096 ; 8.164 ;
; A0         ; g           ; 8.395 ; 8.417 ; 8.713 ; 8.735 ;
; A1         ; C0          ; 7.610 ; 7.558 ; 7.913 ; 7.861 ;
; A1         ; a           ; 8.109 ; 8.204 ; 8.418 ; 8.513 ;
; A1         ; b           ; 8.069 ; 8.163 ; 8.375 ; 8.471 ;
; A1         ; c           ; 8.383 ; 8.525 ; 8.691 ; 8.831 ;
; A1         ; d           ; 8.332 ; 8.209 ; 8.638 ; 8.517 ;
; A1         ; e           ; 7.841 ; 7.882 ; 8.147 ; 8.190 ;
; A1         ; f           ; 7.687 ; 7.762 ; 7.995 ; 8.068 ;
; A1         ; g           ; 8.303 ; 8.315 ; 8.611 ; 8.623 ;
; A2         ; C0          ; 7.438 ; 7.421 ; 7.766 ; 7.692 ;
; A2         ; a           ; 8.284 ; 8.375 ; 8.579 ; 8.672 ;
; A2         ; b           ; 8.150 ; 8.237 ; 8.473 ; 8.560 ;
; A2         ; c           ; 8.587 ; 8.630 ; 8.874 ; 8.953 ;
; A2         ; d           ; 8.457 ; 8.312 ; 8.744 ; 8.635 ;
; A2         ; e           ; 7.920 ; 8.028 ; 8.243 ; 8.315 ;
; A2         ; f           ; 7.833 ; 7.826 ; 8.120 ; 8.149 ;
; A2         ; g           ; 8.440 ; 8.398 ; 8.738 ; 8.721 ;
; A3         ; C0          ; 6.792 ; 6.745 ; 7.148 ; 7.101 ;
; A3         ; a           ; 7.939 ; 8.026 ; 8.285 ; 8.372 ;
; A3         ; b           ; 7.695 ; 7.809 ; 8.051 ; 8.165 ;
; A3         ; c           ; 8.068 ; 8.150 ; 8.424 ; 8.506 ;
; A3         ; d           ; 7.953 ; 7.897 ; 8.309 ; 8.253 ;
; A3         ; e           ; 7.464 ; 7.536 ; 7.820 ; 7.892 ;
; A3         ; f           ; 7.333 ; 7.398 ; 7.689 ; 7.754 ;
; A3         ; g           ; 7.951 ; 7.969 ; 8.307 ; 8.325 ;
; B0         ; C0          ; 7.705 ; 7.653 ; 8.003 ; 7.957 ;
; B0         ; a           ; 7.305 ; 7.369 ; 7.600 ; 7.689 ;
; B0         ; b           ; 8.263 ; 8.359 ; 8.565 ; 8.655 ;
; B0         ; c           ; 8.450 ; 8.567 ; 8.745 ; 8.862 ;
; B0         ; d           ; 8.526 ; 8.405 ; 8.828 ; 8.701 ;
; B0         ; e           ; 7.858 ; 7.892 ; 8.153 ; 8.187 ;
; B0         ; f           ; 7.694 ; 7.762 ; 7.989 ; 8.057 ;
; B0         ; g           ; 8.311 ; 8.333 ; 8.606 ; 8.628 ;
; B1         ; C0          ; 7.591 ; 7.539 ; 7.918 ; 7.872 ;
; B1         ; a           ; 8.180 ; 8.275 ; 8.514 ; 8.609 ;
; B1         ; b           ; 8.137 ; 8.233 ; 8.476 ; 8.568 ;
; B1         ; c           ; 8.453 ; 8.593 ; 8.788 ; 8.932 ;
; B1         ; d           ; 8.400 ; 8.279 ; 8.739 ; 8.614 ;
; B1         ; e           ; 7.909 ; 7.952 ; 8.248 ; 8.287 ;
; B1         ; f           ; 7.757 ; 7.830 ; 8.092 ; 8.169 ;
; B1         ; g           ; 8.373 ; 8.385 ; 8.708 ; 8.720 ;
; B2         ; C0          ; 6.467 ; 6.453 ; 6.818 ; 6.737 ;
; B2         ; a           ; 7.556 ; 7.729 ; 7.892 ; 8.032 ;
; B2         ; b           ; 7.180 ; 7.267 ; 7.516 ; 7.603 ;
; B2         ; c           ; 7.615 ; 7.660 ; 7.918 ; 7.996 ;
; B2         ; d           ; 7.485 ; 7.342 ; 7.788 ; 7.678 ;
; B2         ; e           ; 6.950 ; 7.056 ; 7.286 ; 7.359 ;
; B2         ; f           ; 6.861 ; 6.856 ; 7.164 ; 7.192 ;
; B2         ; g           ; 7.470 ; 7.428 ; 7.782 ; 7.764 ;
; B3         ; C0          ; 6.769 ; 6.722 ; 7.099 ; 7.052 ;
; B3         ; a           ; 7.072 ; 7.161 ; 7.379 ; 7.466 ;
; B3         ; b           ; 7.672 ; 7.786 ; 8.002 ; 8.116 ;
; B3         ; c           ; 8.045 ; 8.127 ; 8.375 ; 8.457 ;
; B3         ; d           ; 7.930 ; 7.874 ; 8.260 ; 8.204 ;
; B3         ; e           ; 7.441 ; 7.513 ; 7.771 ; 7.843 ;
; B3         ; f           ; 7.310 ; 7.375 ; 7.640 ; 7.705 ;
; B3         ; g           ; 7.928 ; 7.946 ; 8.258 ; 8.276 ;
; S0         ; C0          ; 7.196 ; 6.347 ; 6.700 ; 7.454 ;
; S0         ; a           ; 6.856 ; 6.908 ; 7.168 ; 7.269 ;
; S0         ; b           ; 7.267 ; 7.381 ; 7.601 ; 7.715 ;
; S0         ; c           ; 7.669 ; 7.722 ; 7.970 ; 8.056 ;
; S0         ; d           ; 7.525 ; 7.498 ; 7.859 ; 7.799 ;
; S0         ; e           ; 7.036 ; 7.137 ; 7.370 ; 7.438 ;
; S0         ; f           ; 6.905 ; 6.999 ; 7.239 ; 7.300 ;
; S0         ; g           ; 7.523 ; 7.570 ; 7.857 ; 7.871 ;
; S1         ; C0          ; 6.215 ; 6.205 ; 6.577 ; 6.527 ;
; S1         ; a           ; 7.476 ; 7.552 ; 7.825 ; 7.887 ;
; S1         ; b           ; 7.115 ; 7.229 ; 7.461 ; 7.575 ;
; S1         ; c           ; 7.519 ; 7.570 ; 7.829 ; 7.916 ;
; S1         ; d           ; 7.373 ; 7.348 ; 7.719 ; 7.658 ;
; S1         ; e           ; 6.884 ; 6.987 ; 7.230 ; 7.297 ;
; S1         ; f           ; 6.753 ; 6.849 ; 7.099 ; 7.159 ;
; S1         ; g           ; 7.371 ; 7.420 ; 7.717 ; 7.730 ;
+------------+-------------+-------+-------+-------+-------+


---------------------------------------------
; Slow 1200mV 0C Model Metastability Report ;
---------------------------------------------
No synchronizer chains to report.


--------------------------------------
; Fast 1200mV 0C Model Setup Summary ;
--------------------------------------
No paths to report.


-------------------------------------
; Fast 1200mV 0C Model Hold Summary ;
-------------------------------------
No paths to report.


-----------------------------------------
; Fast 1200mV 0C Model Recovery Summary ;
-----------------------------------------
No paths to report.


----------------------------------------
; Fast 1200mV 0C Model Removal Summary ;
----------------------------------------
No paths to report.


----------------------------------------------------
; Fast 1200mV 0C Model Minimum Pulse Width Summary ;
----------------------------------------------------
No paths to report.


+----------------------------------------------------------+
; Propagation Delay                                        ;
+------------+-------------+-------+-------+-------+-------+
; Input Port ; Output Port ; RR    ; RF    ; FR    ; FF    ;
+------------+-------------+-------+-------+-------+-------+
; A0         ; C0          ; 6.609 ; 6.936 ; 7.214 ; 7.471 ;
; A0         ; a           ; 7.735 ; 7.757 ; 8.270 ; 8.292 ;
; A0         ; b           ; 7.628 ; 7.518 ; 8.163 ; 8.053 ;
; A0         ; c           ; 7.881 ; 7.729 ; 8.416 ; 8.264 ;
; A0         ; d           ; 7.795 ; 8.025 ; 8.330 ; 8.560 ;
; A0         ; e           ; 7.433 ; 7.349 ; 7.968 ; 7.884 ;
; A0         ; f           ; 7.335 ; 7.273 ; 7.870 ; 7.808 ;
; A0         ; g           ; 7.779 ; 7.651 ; 8.314 ; 8.186 ;
; A1         ; C0          ; 6.468 ; 6.727 ; 7.051 ; 7.291 ;
; A1         ; a           ; 7.526 ; 7.548 ; 8.090 ; 8.112 ;
; A1         ; b           ; 7.419 ; 7.309 ; 7.983 ; 7.873 ;
; A1         ; c           ; 7.672 ; 7.520 ; 8.236 ; 8.084 ;
; A1         ; d           ; 7.586 ; 7.816 ; 8.150 ; 8.380 ;
; A1         ; e           ; 7.224 ; 7.140 ; 7.788 ; 7.704 ;
; A1         ; f           ; 7.126 ; 7.064 ; 7.690 ; 7.628 ;
; A1         ; g           ; 7.570 ; 7.442 ; 8.134 ; 8.006 ;
; A2         ; C0          ; 6.346 ; 6.560 ; 6.915 ; 7.110 ;
; A2         ; a           ; 7.359 ; 7.381 ; 7.909 ; 7.931 ;
; A2         ; b           ; 7.252 ; 7.142 ; 7.802 ; 7.692 ;
; A2         ; c           ; 7.505 ; 7.353 ; 8.055 ; 7.903 ;
; A2         ; d           ; 7.419 ; 7.649 ; 7.969 ; 8.199 ;
; A2         ; e           ; 7.057 ; 6.973 ; 7.607 ; 7.523 ;
; A2         ; f           ; 6.959 ; 6.897 ; 7.509 ; 7.447 ;
; A2         ; g           ; 7.403 ; 7.275 ; 7.953 ; 7.825 ;
; A3         ; C0          ; 6.137 ; 6.303 ; 6.743 ; 6.857 ;
; A3         ; a           ; 7.102 ; 7.124 ; 7.656 ; 7.678 ;
; A3         ; b           ; 6.995 ; 6.885 ; 7.549 ; 7.439 ;
; A3         ; c           ; 7.248 ; 7.096 ; 7.802 ; 7.650 ;
; A3         ; d           ; 7.162 ; 7.392 ; 7.716 ; 7.946 ;
; A3         ; e           ; 6.800 ; 6.716 ; 7.354 ; 7.270 ;
; A3         ; f           ; 6.702 ; 6.640 ; 7.256 ; 7.194 ;
; A3         ; g           ; 7.146 ; 7.018 ; 7.700 ; 7.572 ;
; B0         ; C0          ; 6.552 ; 6.844 ; 7.100 ; 7.410 ;
; B0         ; a           ; 7.643 ; 7.665 ; 8.209 ; 8.231 ;
; B0         ; b           ; 7.536 ; 7.426 ; 8.102 ; 7.992 ;
; B0         ; c           ; 7.789 ; 7.637 ; 8.355 ; 8.203 ;
; B0         ; d           ; 7.703 ; 7.933 ; 8.269 ; 8.499 ;
; B0         ; e           ; 7.341 ; 7.257 ; 7.907 ; 7.823 ;
; B0         ; f           ; 7.243 ; 7.181 ; 7.809 ; 7.747 ;
; B0         ; g           ; 7.687 ; 7.559 ; 8.253 ; 8.125 ;
; B1         ; C0          ; 6.494 ; 6.749 ; 7.068 ; 7.345 ;
; B1         ; a           ; 7.548 ; 7.570 ; 8.144 ; 8.166 ;
; B1         ; b           ; 7.441 ; 7.331 ; 8.037 ; 7.927 ;
; B1         ; c           ; 7.694 ; 7.542 ; 8.290 ; 8.138 ;
; B1         ; d           ; 7.608 ; 7.838 ; 8.204 ; 8.434 ;
; B1         ; e           ; 7.246 ; 7.162 ; 7.842 ; 7.758 ;
; B1         ; f           ; 7.148 ; 7.086 ; 7.744 ; 7.682 ;
; B1         ; g           ; 7.592 ; 7.464 ; 8.188 ; 8.060 ;
; B2         ; C0          ; 6.169 ; 6.401 ; 6.741 ; 6.995 ;
; B2         ; a           ; 7.200 ; 7.222 ; 7.794 ; 7.816 ;
; B2         ; b           ; 7.093 ; 6.983 ; 7.687 ; 7.577 ;
; B2         ; c           ; 7.346 ; 7.194 ; 7.940 ; 7.788 ;
; B2         ; d           ; 7.260 ; 7.490 ; 7.854 ; 8.084 ;
; B2         ; e           ; 6.898 ; 6.814 ; 7.492 ; 7.408 ;
; B2         ; f           ; 6.800 ; 6.738 ; 7.394 ; 7.332 ;
; B2         ; g           ; 7.244 ; 7.116 ; 7.838 ; 7.710 ;
; B3         ; C0          ; 5.490 ; 5.679 ; 6.041 ; 6.249 ;
; B3         ; a           ; 6.478 ; 6.500 ; 7.048 ; 7.070 ;
; B3         ; b           ; 6.371 ; 6.261 ; 6.941 ; 6.831 ;
; B3         ; c           ; 6.624 ; 6.472 ; 7.194 ; 7.042 ;
; B3         ; d           ; 6.538 ; 6.768 ; 7.108 ; 7.338 ;
; B3         ; e           ; 6.176 ; 6.092 ; 6.746 ; 6.662 ;
; B3         ; f           ; 6.078 ; 6.016 ; 6.648 ; 6.586 ;
; B3         ; g           ; 6.522 ; 6.394 ; 7.092 ; 6.964 ;
; S0         ; C0          ; 6.397 ; 6.692 ; 6.965 ; 7.253 ;
; S0         ; a           ; 7.491 ; 7.513 ; 8.052 ; 8.074 ;
; S0         ; b           ; 7.384 ; 7.274 ; 7.945 ; 7.835 ;
; S0         ; c           ; 7.637 ; 7.485 ; 8.198 ; 8.046 ;
; S0         ; d           ; 7.551 ; 7.781 ; 8.112 ; 8.342 ;
; S0         ; e           ; 7.189 ; 7.105 ; 7.750 ; 7.666 ;
; S0         ; f           ; 7.091 ; 7.029 ; 7.652 ; 7.590 ;
; S0         ; g           ; 7.535 ; 7.407 ; 8.096 ; 7.968 ;
; S1         ; C0          ; 6.710 ; 7.022 ; 7.322 ; 7.618 ;
; S1         ; a           ; 7.821 ; 7.843 ; 8.417 ; 8.439 ;
; S1         ; b           ; 7.714 ; 7.604 ; 8.310 ; 8.200 ;
; S1         ; c           ; 7.967 ; 7.815 ; 8.563 ; 8.411 ;
; S1         ; d           ; 7.881 ; 8.111 ; 8.477 ; 8.707 ;
; S1         ; e           ; 7.519 ; 7.435 ; 8.115 ; 8.031 ;
; S1         ; f           ; 7.421 ; 7.359 ; 8.017 ; 7.955 ;
; S1         ; g           ; 7.865 ; 7.737 ; 8.461 ; 8.333 ;
+------------+-------------+-------+-------+-------+-------+


+----------------------------------------------------------+
; Minimum Propagation Delay                                ;
+------------+-------------+-------+-------+-------+-------+
; Input Port ; Output Port ; RR    ; RF    ; FR    ; FF    ;
+------------+-------------+-------+-------+-------+-------+
; A0         ; C0          ; 4.872 ; 4.917 ; 5.471 ; 5.516 ;
; A0         ; a           ; 4.731 ; 4.654 ; 5.304 ; 5.227 ;
; A0         ; b           ; 5.325 ; 5.295 ; 5.900 ; 5.870 ;
; A0         ; c           ; 5.540 ; 5.367 ; 6.113 ; 5.940 ;
; A0         ; d           ; 5.337 ; 5.501 ; 5.912 ; 6.076 ;
; A0         ; e           ; 5.063 ; 5.022 ; 5.636 ; 5.595 ;
; A0         ; f           ; 5.012 ; 4.889 ; 5.585 ; 5.462 ;
; A0         ; g           ; 5.442 ; 5.256 ; 6.015 ; 5.829 ;
; A1         ; C0          ; 4.769 ; 4.814 ; 5.346 ; 5.391 ;
; A1         ; a           ; 5.158 ; 5.116 ; 5.716 ; 5.674 ;
; A1         ; b           ; 5.142 ; 5.112 ; 5.700 ; 5.670 ;
; A1         ; c           ; 5.432 ; 5.261 ; 5.990 ; 5.819 ;
; A1         ; d           ; 5.154 ; 5.318 ; 5.712 ; 5.876 ;
; A1         ; e           ; 4.985 ; 4.949 ; 5.543 ; 5.507 ;
; A1         ; f           ; 4.944 ; 4.812 ; 5.502 ; 5.370 ;
; A1         ; g           ; 5.315 ; 5.177 ; 5.873 ; 5.735 ;
; A2         ; C0          ; 4.658 ; 4.717 ; 5.300 ; 5.318 ;
; A2         ; a           ; 5.287 ; 5.205 ; 5.850 ; 5.768 ;
; A2         ; b           ; 5.208 ; 5.110 ; 5.844 ; 5.746 ;
; A2         ; c           ; 5.512 ; 5.350 ; 6.129 ; 5.986 ;
; A2         ; d           ; 5.263 ; 5.327 ; 5.880 ; 5.963 ;
; A2         ; e           ; 5.049 ; 4.996 ; 5.685 ; 5.613 ;
; A2         ; f           ; 4.990 ; 4.875 ; 5.607 ; 5.511 ;
; A2         ; g           ; 5.400 ; 5.241 ; 6.032 ; 5.877 ;
; A3         ; C0          ; 4.306 ; 4.333 ; 4.895 ; 4.922 ;
; A3         ; a           ; 5.112 ; 5.037 ; 5.666 ; 5.591 ;
; A3         ; b           ; 4.959 ; 4.873 ; 5.548 ; 5.462 ;
; A3         ; c           ; 5.234 ; 5.085 ; 5.823 ; 5.674 ;
; A3         ; d           ; 4.978 ; 5.115 ; 5.567 ; 5.704 ;
; A3         ; e           ; 4.800 ; 4.721 ; 5.389 ; 5.310 ;
; A3         ; f           ; 4.705 ; 4.648 ; 5.294 ; 5.237 ;
; A3         ; g           ; 5.133 ; 5.012 ; 5.722 ; 5.601 ;
; B0         ; C0          ; 4.817 ; 4.862 ; 5.359 ; 5.404 ;
; B0         ; a           ; 4.677 ; 4.600 ; 5.218 ; 5.141 ;
; B0         ; b           ; 5.270 ; 5.240 ; 5.812 ; 5.782 ;
; B0         ; c           ; 5.486 ; 5.313 ; 6.027 ; 5.854 ;
; B0         ; d           ; 5.282 ; 5.446 ; 5.824 ; 5.988 ;
; B0         ; e           ; 5.009 ; 4.968 ; 5.550 ; 5.509 ;
; B0         ; f           ; 4.958 ; 4.835 ; 5.499 ; 5.376 ;
; B0         ; g           ; 5.388 ; 5.202 ; 5.929 ; 5.743 ;
; B1         ; C0          ; 4.784 ; 4.829 ; 5.349 ; 5.394 ;
; B1         ; a           ; 5.215 ; 5.173 ; 5.790 ; 5.748 ;
; B1         ; b           ; 5.199 ; 5.169 ; 5.774 ; 5.744 ;
; B1         ; c           ; 5.489 ; 5.318 ; 6.064 ; 5.893 ;
; B1         ; d           ; 5.211 ; 5.375 ; 5.786 ; 5.950 ;
; B1         ; e           ; 5.042 ; 5.006 ; 5.617 ; 5.581 ;
; B1         ; f           ; 5.001 ; 4.869 ; 5.576 ; 5.444 ;
; B1         ; g           ; 5.372 ; 5.234 ; 5.947 ; 5.809 ;
; B2         ; C0          ; 4.083 ; 4.142 ; 4.666 ; 4.678 ;
; B2         ; a           ; 4.830 ; 4.831 ; 5.399 ; 5.382 ;
; B2         ; b           ; 4.633 ; 4.535 ; 5.202 ; 5.104 ;
; B2         ; c           ; 4.937 ; 4.775 ; 5.488 ; 5.344 ;
; B2         ; d           ; 4.688 ; 4.752 ; 5.239 ; 5.321 ;
; B2         ; e           ; 4.474 ; 4.421 ; 5.043 ; 4.972 ;
; B2         ; f           ; 4.415 ; 4.300 ; 4.966 ; 4.869 ;
; B2         ; g           ; 4.825 ; 4.666 ; 5.391 ; 5.235 ;
; B3         ; C0          ; 4.284 ; 4.311 ; 4.855 ; 4.882 ;
; B3         ; a           ; 4.550 ; 4.468 ; 5.096 ; 5.014 ;
; B3         ; b           ; 4.937 ; 4.851 ; 5.508 ; 5.422 ;
; B3         ; c           ; 5.212 ; 5.063 ; 5.783 ; 5.634 ;
; B3         ; d           ; 4.956 ; 5.093 ; 5.527 ; 5.664 ;
; B3         ; e           ; 4.778 ; 4.699 ; 5.349 ; 5.270 ;
; B3         ; f           ; 4.683 ; 4.626 ; 5.254 ; 5.197 ;
; B3         ; g           ; 5.111 ; 4.990 ; 5.682 ; 5.561 ;
; S0         ; C0          ; 4.507 ; 4.089 ; 4.627 ; 5.161 ;
; S0         ; a           ; 4.431 ; 4.333 ; 5.000 ; 4.935 ;
; S0         ; b           ; 4.700 ; 4.614 ; 5.279 ; 5.193 ;
; S0         ; c           ; 4.988 ; 4.826 ; 5.549 ; 5.405 ;
; S0         ; d           ; 4.719 ; 4.869 ; 5.298 ; 5.430 ;
; S0         ; e           ; 4.541 ; 4.475 ; 5.120 ; 5.036 ;
; S0         ; f           ; 4.446 ; 4.402 ; 5.025 ; 4.963 ;
; S0         ; g           ; 4.874 ; 4.766 ; 5.453 ; 5.327 ;
; S1         ; C0          ; 3.966 ; 4.014 ; 4.548 ; 4.568 ;
; S1         ; a           ; 4.810 ; 4.733 ; 5.404 ; 5.327 ;
; S1         ; b           ; 4.619 ; 4.533 ; 5.186 ; 5.100 ;
; S1         ; c           ; 4.907 ; 4.745 ; 5.455 ; 5.312 ;
; S1         ; d           ; 4.638 ; 4.788 ; 5.205 ; 5.336 ;
; S1         ; e           ; 4.460 ; 4.394 ; 5.027 ; 4.942 ;
; S1         ; f           ; 4.365 ; 4.321 ; 4.932 ; 4.869 ;
; S1         ; g           ; 4.793 ; 4.685 ; 5.360 ; 5.233 ;
+------------+-------------+-------+-------+-------+-------+


---------------------------------------------
; Fast 1200mV 0C Model Metastability Report ;
---------------------------------------------
No synchronizer chains to report.


+----------------------------------------------------------------------------+
; Multicorner Timing Analysis Summary                                        ;
+------------------+-------+------+----------+---------+---------------------+
; Clock            ; Setup ; Hold ; Recovery ; Removal ; Minimum Pulse Width ;
+------------------+-------+------+----------+---------+---------------------+
; Worst-case Slack ; N/A   ; N/A  ; N/A      ; N/A     ; N/A                 ;
; Design-wide TNS  ; 0.0   ; 0.0  ; 0.0      ; 0.0     ; 0.0                 ;
+------------------+-------+------+----------+---------+---------------------+


+--------------------------------------------------------------+
; Propagation Delay                                            ;
+------------+-------------+--------+--------+--------+--------+
; Input Port ; Output Port ; RR     ; RF     ; FR     ; FF     ;
+------------+-------------+--------+--------+--------+--------+
; A0         ; C0          ; 11.621 ; 11.853 ; 12.066 ; 12.166 ;
; A0         ; a           ; 13.334 ; 13.491 ; 13.647 ; 13.804 ;
; A0         ; b           ; 13.003 ; 13.067 ; 13.316 ; 13.380 ;
; A0         ; c           ; 13.451 ; 13.452 ; 13.764 ; 13.765 ;
; A0         ; d           ; 13.573 ; 13.723 ; 13.886 ; 14.036 ;
; A0         ; e           ; 12.740 ; 12.758 ; 13.053 ; 13.071 ;
; A0         ; f           ; 12.589 ; 12.599 ; 12.902 ; 12.912 ;
; A0         ; g           ; 13.306 ; 13.235 ; 13.619 ; 13.548 ;
; A1         ; C0          ; 11.379 ; 11.501 ; 11.786 ; 11.876 ;
; A1         ; a           ; 12.982 ; 13.139 ; 13.357 ; 13.514 ;
; A1         ; b           ; 12.651 ; 12.715 ; 13.026 ; 13.090 ;
; A1         ; c           ; 13.099 ; 13.100 ; 13.474 ; 13.475 ;
; A1         ; d           ; 13.221 ; 13.371 ; 13.596 ; 13.746 ;
; A1         ; e           ; 12.388 ; 12.406 ; 12.763 ; 12.781 ;
; A1         ; f           ; 12.237 ; 12.247 ; 12.612 ; 12.622 ;
; A1         ; g           ; 12.954 ; 12.883 ; 13.329 ; 13.258 ;
; A2         ; C0          ; 11.108 ; 11.180 ; 11.510 ; 11.550 ;
; A2         ; a           ; 12.661 ; 12.818 ; 13.031 ; 13.188 ;
; A2         ; b           ; 12.330 ; 12.394 ; 12.700 ; 12.764 ;
; A2         ; c           ; 12.778 ; 12.779 ; 13.148 ; 13.149 ;
; A2         ; d           ; 12.900 ; 13.050 ; 13.270 ; 13.420 ;
; A2         ; e           ; 12.067 ; 12.085 ; 12.437 ; 12.455 ;
; A2         ; f           ; 11.916 ; 11.926 ; 12.286 ; 12.296 ;
; A2         ; g           ; 12.633 ; 12.562 ; 13.003 ; 12.932 ;
; A3         ; C0          ; 10.649 ; 10.758 ; 11.104 ; 11.119 ;
; A3         ; a           ; 12.239 ; 12.396 ; 12.600 ; 12.757 ;
; A3         ; b           ; 11.908 ; 11.972 ; 12.269 ; 12.333 ;
; A3         ; c           ; 12.356 ; 12.357 ; 12.717 ; 12.718 ;
; A3         ; d           ; 12.478 ; 12.628 ; 12.839 ; 12.989 ;
; A3         ; e           ; 11.645 ; 11.663 ; 12.006 ; 12.024 ;
; A3         ; f           ; 11.494 ; 11.504 ; 11.855 ; 11.865 ;
; A3         ; g           ; 12.211 ; 12.140 ; 12.572 ; 12.501 ;
; B0         ; C0          ; 11.528 ; 11.686 ; 11.896 ; 12.086 ;
; B0         ; a           ; 13.167 ; 13.324 ; 13.567 ; 13.724 ;
; B0         ; b           ; 12.836 ; 12.900 ; 13.236 ; 13.300 ;
; B0         ; c           ; 13.284 ; 13.285 ; 13.684 ; 13.685 ;
; B0         ; d           ; 13.406 ; 13.556 ; 13.806 ; 13.956 ;
; B0         ; e           ; 12.573 ; 12.591 ; 12.973 ; 12.991 ;
; B0         ; f           ; 12.422 ; 12.432 ; 12.822 ; 12.832 ;
; B0         ; g           ; 13.139 ; 13.068 ; 13.539 ; 13.468 ;
; B1         ; C0          ; 11.386 ; 11.494 ; 11.774 ; 11.933 ;
; B1         ; a           ; 12.975 ; 13.132 ; 13.414 ; 13.571 ;
; B1         ; b           ; 12.644 ; 12.708 ; 13.083 ; 13.147 ;
; B1         ; c           ; 13.092 ; 13.093 ; 13.531 ; 13.532 ;
; B1         ; d           ; 13.214 ; 13.364 ; 13.653 ; 13.803 ;
; B1         ; e           ; 12.381 ; 12.399 ; 12.820 ; 12.838 ;
; B1         ; f           ; 12.230 ; 12.240 ; 12.669 ; 12.679 ;
; B1         ; g           ; 12.947 ; 12.876 ; 13.386 ; 13.315 ;
; B2         ; C0          ; 10.824 ; 10.899 ; 11.190 ; 11.316 ;
; B2         ; a           ; 12.380 ; 12.537 ; 12.797 ; 12.954 ;
; B2         ; b           ; 12.049 ; 12.113 ; 12.466 ; 12.530 ;
; B2         ; c           ; 12.497 ; 12.498 ; 12.914 ; 12.915 ;
; B2         ; d           ; 12.619 ; 12.769 ; 13.036 ; 13.186 ;
; B2         ; e           ; 11.786 ; 11.804 ; 12.203 ; 12.221 ;
; B2         ; f           ; 11.635 ; 11.645 ; 12.052 ; 12.062 ;
; B2         ; g           ; 12.352 ; 12.281 ; 12.769 ; 12.698 ;
; B3         ; C0          ; 9.565  ; 9.634  ; 9.938  ; 10.039 ;
; B3         ; a           ; 11.115 ; 11.272 ; 11.520 ; 11.677 ;
; B3         ; b           ; 10.784 ; 10.848 ; 11.189 ; 11.253 ;
; B3         ; c           ; 11.232 ; 11.233 ; 11.637 ; 11.638 ;
; B3         ; d           ; 11.354 ; 11.504 ; 11.759 ; 11.909 ;
; B3         ; e           ; 10.521 ; 10.539 ; 10.926 ; 10.944 ;
; B3         ; f           ; 10.370 ; 10.380 ; 10.775 ; 10.785 ;
; B3         ; g           ; 11.087 ; 11.016 ; 11.492 ; 11.421 ;
; S0         ; C0          ; 11.227 ; 11.387 ; 11.655 ; 11.806 ;
; S0         ; a           ; 12.868 ; 13.025 ; 13.287 ; 13.444 ;
; S0         ; b           ; 12.537 ; 12.601 ; 12.956 ; 13.020 ;
; S0         ; c           ; 12.985 ; 12.986 ; 13.404 ; 13.405 ;
; S0         ; d           ; 13.107 ; 13.257 ; 13.526 ; 13.676 ;
; S0         ; e           ; 12.274 ; 12.292 ; 12.693 ; 12.711 ;
; S0         ; f           ; 12.123 ; 12.133 ; 12.542 ; 12.552 ;
; S0         ; g           ; 12.840 ; 12.769 ; 13.259 ; 13.188 ;
; S1         ; C0          ; 11.759 ; 11.958 ; 12.204 ; 12.385 ;
; S1         ; a           ; 13.439 ; 13.596 ; 13.866 ; 14.023 ;
; S1         ; b           ; 13.108 ; 13.172 ; 13.535 ; 13.599 ;
; S1         ; c           ; 13.556 ; 13.557 ; 13.983 ; 13.984 ;
; S1         ; d           ; 13.678 ; 13.828 ; 14.105 ; 14.255 ;
; S1         ; e           ; 12.845 ; 12.863 ; 13.272 ; 13.290 ;
; S1         ; f           ; 12.694 ; 12.704 ; 13.121 ; 13.131 ;
; S1         ; g           ; 13.411 ; 13.340 ; 13.838 ; 13.767 ;
+------------+-------------+--------+--------+--------+--------+


+----------------------------------------------------------+
; Minimum Propagation Delay                                ;
+------------+-------------+-------+-------+-------+-------+
; Input Port ; Output Port ; RR    ; RF    ; FR    ; FF    ;
+------------+-------------+-------+-------+-------+-------+
; A0         ; C0          ; 4.872 ; 4.917 ; 5.471 ; 5.516 ;
; A0         ; a           ; 4.731 ; 4.654 ; 5.304 ; 5.227 ;
; A0         ; b           ; 5.325 ; 5.295 ; 5.900 ; 5.870 ;
; A0         ; c           ; 5.540 ; 5.367 ; 6.113 ; 5.940 ;
; A0         ; d           ; 5.337 ; 5.501 ; 5.912 ; 6.076 ;
; A0         ; e           ; 5.063 ; 5.022 ; 5.636 ; 5.595 ;
; A0         ; f           ; 5.012 ; 4.889 ; 5.585 ; 5.462 ;
; A0         ; g           ; 5.442 ; 5.256 ; 6.015 ; 5.829 ;
; A1         ; C0          ; 4.769 ; 4.814 ; 5.346 ; 5.391 ;
; A1         ; a           ; 5.158 ; 5.116 ; 5.716 ; 5.674 ;
; A1         ; b           ; 5.142 ; 5.112 ; 5.700 ; 5.670 ;
; A1         ; c           ; 5.432 ; 5.261 ; 5.990 ; 5.819 ;
; A1         ; d           ; 5.154 ; 5.318 ; 5.712 ; 5.876 ;
; A1         ; e           ; 4.985 ; 4.949 ; 5.543 ; 5.507 ;
; A1         ; f           ; 4.944 ; 4.812 ; 5.502 ; 5.370 ;
; A1         ; g           ; 5.315 ; 5.177 ; 5.873 ; 5.735 ;
; A2         ; C0          ; 4.658 ; 4.717 ; 5.300 ; 5.318 ;
; A2         ; a           ; 5.287 ; 5.205 ; 5.850 ; 5.768 ;
; A2         ; b           ; 5.208 ; 5.110 ; 5.844 ; 5.746 ;
; A2         ; c           ; 5.512 ; 5.350 ; 6.129 ; 5.986 ;
; A2         ; d           ; 5.263 ; 5.327 ; 5.880 ; 5.963 ;
; A2         ; e           ; 5.049 ; 4.996 ; 5.685 ; 5.613 ;
; A2         ; f           ; 4.990 ; 4.875 ; 5.607 ; 5.511 ;
; A2         ; g           ; 5.400 ; 5.241 ; 6.032 ; 5.877 ;
; A3         ; C0          ; 4.306 ; 4.333 ; 4.895 ; 4.922 ;
; A3         ; a           ; 5.112 ; 5.037 ; 5.666 ; 5.591 ;
; A3         ; b           ; 4.959 ; 4.873 ; 5.548 ; 5.462 ;
; A3         ; c           ; 5.234 ; 5.085 ; 5.823 ; 5.674 ;
; A3         ; d           ; 4.978 ; 5.115 ; 5.567 ; 5.704 ;
; A3         ; e           ; 4.800 ; 4.721 ; 5.389 ; 5.310 ;
; A3         ; f           ; 4.705 ; 4.648 ; 5.294 ; 5.237 ;
; A3         ; g           ; 5.133 ; 5.012 ; 5.722 ; 5.601 ;
; B0         ; C0          ; 4.817 ; 4.862 ; 5.359 ; 5.404 ;
; B0         ; a           ; 4.677 ; 4.600 ; 5.218 ; 5.141 ;
; B0         ; b           ; 5.270 ; 5.240 ; 5.812 ; 5.782 ;
; B0         ; c           ; 5.486 ; 5.313 ; 6.027 ; 5.854 ;
; B0         ; d           ; 5.282 ; 5.446 ; 5.824 ; 5.988 ;
; B0         ; e           ; 5.009 ; 4.968 ; 5.550 ; 5.509 ;
; B0         ; f           ; 4.958 ; 4.835 ; 5.499 ; 5.376 ;
; B0         ; g           ; 5.388 ; 5.202 ; 5.929 ; 5.743 ;
; B1         ; C0          ; 4.784 ; 4.829 ; 5.349 ; 5.394 ;
; B1         ; a           ; 5.215 ; 5.173 ; 5.790 ; 5.748 ;
; B1         ; b           ; 5.199 ; 5.169 ; 5.774 ; 5.744 ;
; B1         ; c           ; 5.489 ; 5.318 ; 6.064 ; 5.893 ;
; B1         ; d           ; 5.211 ; 5.375 ; 5.786 ; 5.950 ;
; B1         ; e           ; 5.042 ; 5.006 ; 5.617 ; 5.581 ;
; B1         ; f           ; 5.001 ; 4.869 ; 5.576 ; 5.444 ;
; B1         ; g           ; 5.372 ; 5.234 ; 5.947 ; 5.809 ;
; B2         ; C0          ; 4.083 ; 4.142 ; 4.666 ; 4.678 ;
; B2         ; a           ; 4.830 ; 4.831 ; 5.399 ; 5.382 ;
; B2         ; b           ; 4.633 ; 4.535 ; 5.202 ; 5.104 ;
; B2         ; c           ; 4.937 ; 4.775 ; 5.488 ; 5.344 ;
; B2         ; d           ; 4.688 ; 4.752 ; 5.239 ; 5.321 ;
; B2         ; e           ; 4.474 ; 4.421 ; 5.043 ; 4.972 ;
; B2         ; f           ; 4.415 ; 4.300 ; 4.966 ; 4.869 ;
; B2         ; g           ; 4.825 ; 4.666 ; 5.391 ; 5.235 ;
; B3         ; C0          ; 4.284 ; 4.311 ; 4.855 ; 4.882 ;
; B3         ; a           ; 4.550 ; 4.468 ; 5.096 ; 5.014 ;
; B3         ; b           ; 4.937 ; 4.851 ; 5.508 ; 5.422 ;
; B3         ; c           ; 5.212 ; 5.063 ; 5.783 ; 5.634 ;
; B3         ; d           ; 4.956 ; 5.093 ; 5.527 ; 5.664 ;
; B3         ; e           ; 4.778 ; 4.699 ; 5.349 ; 5.270 ;
; B3         ; f           ; 4.683 ; 4.626 ; 5.254 ; 5.197 ;
; B3         ; g           ; 5.111 ; 4.990 ; 5.682 ; 5.561 ;
; S0         ; C0          ; 4.507 ; 4.089 ; 4.627 ; 5.161 ;
; S0         ; a           ; 4.431 ; 4.333 ; 5.000 ; 4.935 ;
; S0         ; b           ; 4.700 ; 4.614 ; 5.279 ; 5.193 ;
; S0         ; c           ; 4.988 ; 4.826 ; 5.549 ; 5.405 ;
; S0         ; d           ; 4.719 ; 4.869 ; 5.298 ; 5.430 ;
; S0         ; e           ; 4.541 ; 4.475 ; 5.120 ; 5.036 ;
; S0         ; f           ; 4.446 ; 4.402 ; 5.025 ; 4.963 ;
; S0         ; g           ; 4.874 ; 4.766 ; 5.453 ; 5.327 ;
; S1         ; C0          ; 3.966 ; 4.014 ; 4.548 ; 4.568 ;
; S1         ; a           ; 4.810 ; 4.733 ; 5.404 ; 5.327 ;
; S1         ; b           ; 4.619 ; 4.533 ; 5.186 ; 5.100 ;
; S1         ; c           ; 4.907 ; 4.745 ; 5.455 ; 5.312 ;
; S1         ; d           ; 4.638 ; 4.788 ; 5.205 ; 5.336 ;
; S1         ; e           ; 4.460 ; 4.394 ; 5.027 ; 4.942 ;
; S1         ; f           ; 4.365 ; 4.321 ; 4.932 ; 4.869 ;
; S1         ; g           ; 4.793 ; 4.685 ; 5.360 ; 5.233 ;
+------------+-------------+-------+-------+-------+-------+


+------------------------------------------------------------------------------------------------------------------------------------------------------------------------------------------------------------------------------------------------------------------------------------------------------------------------------------------------------------------------------------------------------------------+
; Board Trace Model Assignments                                                                                                                                                                                                                                                                                                                                                                                    ;
+---------------+--------------+-------------------+-------------------------+-------------------------+---------------+---------------------+----------------+------------------+--------+------------------+------------------------+------------------------+--------------+---------------+-----------------+-------+---------------------+--------------------+---------------+-----------------+-------------+
; Pin           ; I/O Standard ; Near Tline Length ; Near Tline L per Length ; Near Tline C per Length ; Near Series R ; Near Differential R ; Near Pull-up R ; Near Pull-down R ; Near C ; Far Tline Length ; Far Tline L per Length ; Far Tline C per Length ; Far Series R ; Far Pull-up R ; Far Pull-down R ; Far C ; Termination Voltage ; Far Differential R ; EBD File Name ; EBD Signal Name ; EBD Far-end ;
+---------------+--------------+-------------------+-------------------------+-------------------------+---------------+---------------------+----------------+------------------+--------+------------------+------------------------+------------------------+--------------+---------------+-----------------+-------+---------------------+--------------------+---------------+-----------------+-------------+
; F0            ; 2.5 V        ; 0 in              ; 0 H/in                  ; 0 F/in                  ; short         ; -                   ; open           ; open             ; open   ; 0 in             ; 0 H/in                 ; 0 F/in                 ; short        ; open          ; open            ; open  ; 0 V                 ; -                  ; n/a           ; n/a             ; n/a         ;
; F1            ; 2.5 V        ; 0 in              ; 0 H/in                  ; 0 F/in                  ; short         ; -                   ; open           ; open             ; open   ; 0 in             ; 0 H/in                 ; 0 F/in                 ; short        ; open          ; open            ; open  ; 0 V                 ; -                  ; n/a           ; n/a             ; n/a         ;
; F2            ; 2.5 V        ; 0 in              ; 0 H/in                  ; 0 F/in                  ; short         ; -                   ; open           ; open             ; open   ; 0 in             ; 0 H/in                 ; 0 F/in                 ; short        ; open          ; open            ; open  ; 0 V                 ; -                  ; n/a           ; n/a             ; n/a         ;
; F3            ; 2.5 V        ; 0 in              ; 0 H/in                  ; 0 F/in                  ; short         ; -                   ; open           ; open             ; open   ; 0 in             ; 0 H/in                 ; 0 F/in                 ; short        ; open          ; open            ; open  ; 0 V                 ; -                  ; n/a           ; n/a             ; n/a         ;
; C0            ; 2.5 V        ; 0 in              ; 0 H/in                  ; 0 F/in                  ; short         ; -                   ; open           ; open             ; open   ; 0 in             ; 0 H/in                 ; 0 F/in                 ; short        ; open          ; open            ; open  ; 0 V                 ; -                  ; n/a           ; n/a             ; n/a         ;
; b             ; 2.5 V        ; 0 in              ; 0 H/in                  ; 0 F/in                  ; short         ; -                   ; open           ; open             ; open   ; 0 in             ; 0 H/in                 ; 0 F/in                 ; short        ; open          ; open            ; open  ; 0 V                 ; -                  ; n/a           ; n/a             ; n/a         ;
; c             ; 2.5 V        ; 0 in              ; 0 H/in                  ; 0 F/in                  ; short         ; -                   ; open           ; open             ; open   ; 0 in             ; 0 H/in                 ; 0 F/in                 ; short        ; open          ; open            ; open  ; 0 V                 ; -                  ; n/a           ; n/a             ; n/a         ;
; d             ; 2.5 V        ; 0 in              ; 0 H/in                  ; 0 F/in                  ; short         ; -                   ; open           ; open             ; open   ; 0 in             ; 0 H/in                 ; 0 F/in                 ; short        ; open          ; open            ; open  ; 0 V                 ; -                  ; n/a           ; n/a             ; n/a         ;
; e             ; 2.5 V        ; 0 in              ; 0 H/in                  ; 0 F/in                  ; short         ; -                   ; open           ; open             ; open   ; 0 in             ; 0 H/in                 ; 0 F/in                 ; short        ; open          ; open            ; open  ; 0 V                 ; -                  ; n/a           ; n/a             ; n/a         ;
; f             ; 2.5 V        ; 0 in              ; 0 H/in                  ; 0 F/in                  ; short         ; -                   ; open           ; open             ; open   ; 0 in             ; 0 H/in                 ; 0 F/in                 ; short        ; open          ; open            ; open  ; 0 V                 ; -                  ; n/a           ; n/a             ; n/a         ;
; g             ; 2.5 V        ; 0 in              ; 0 H/in                  ; 0 F/in                  ; short         ; -                   ; open           ; open             ; open   ; 0 in             ; 0 H/in                 ; 0 F/in                 ; short        ; open          ; open            ; open  ; 0 V                 ; -                  ; n/a           ; n/a             ; n/a         ;
; a             ; 2.5 V        ; 0 in              ; 0 H/in                  ; 0 F/in                  ; short         ; -                   ; open           ; open             ; open   ; 0 in             ; 0 H/in                 ; 0 F/in                 ; short        ; open          ; open            ; open  ; 0 V                 ; -                  ; n/a           ; n/a             ; n/a         ;
; ~ALTERA_DCLK~ ; 2.5 V        ; 0 in              ; 0 H/in                  ; 0 F/in                  ; short         ; -                   ; open           ; open             ; open   ; 0 in             ; 0 H/in                 ; 0 F/in                 ; short        ; open          ; open            ; open  ; 0 V                 ; -                  ; n/a           ; n/a             ; n/a         ;
; ~ALTERA_nCEO~ ; 2.5 V        ; 0 in              ; 0 H/in                  ; 0 F/in                  ; short         ; -                   ; open           ; open             ; open   ; 0 in             ; 0 H/in                 ; 0 F/in                 ; short        ; open          ; open            ; open  ; 0 V                 ; -                  ; n/a           ; n/a             ; n/a         ;
+---------------+--------------+-------------------+-------------------------+-------------------------+---------------+---------------------+----------------+------------------+--------+------------------+------------------------+------------------------+--------------+---------------+-----------------+-------+---------------------+--------------------+---------------+-----------------+-------------+


+----------------------------------------------------------------------------+
; Input Transition Times                                                     ;
+-------------------------+--------------+-----------------+-----------------+
; Pin                     ; I/O Standard ; 10-90 Rise Time ; 90-10 Fall Time ;
+-------------------------+--------------+-----------------+-----------------+
; S0                      ; 2.5 V        ; 2000 ps         ; 2000 ps         ;
; B0                      ; 2.5 V        ; 2000 ps         ; 2000 ps         ;
; A0                      ; 2.5 V        ; 2000 ps         ; 2000 ps         ;
; S1                      ; 2.5 V        ; 2000 ps         ; 2000 ps         ;
; B1                      ; 2.5 V        ; 2000 ps         ; 2000 ps         ;
; A1                      ; 2.5 V        ; 2000 ps         ; 2000 ps         ;
; B3                      ; 2.5 V        ; 2000 ps         ; 2000 ps         ;
; A3                      ; 2.5 V        ; 2000 ps         ; 2000 ps         ;
; B2                      ; 2.5 V        ; 2000 ps         ; 2000 ps         ;
; A2                      ; 2.5 V        ; 2000 ps         ; 2000 ps         ;
; ~ALTERA_ASDO_DATA1~     ; 2.5 V        ; 2000 ps         ; 2000 ps         ;
; ~ALTERA_FLASH_nCE_nCSO~ ; 2.5 V        ; 2000 ps         ; 2000 ps         ;
; ~ALTERA_DATA0~          ; 2.5 V        ; 2000 ps         ; 2000 ps         ;
+-------------------------+--------------+-----------------+-----------------+


+--------------------------------------------------------------------------------------------------------------------------------------------------------------------------------------------------------------------------------------------------------------------------------------------------------------------------------------------------------------------------------------------------------------------------------------------------------------------------------------------------------------------------------------------------------------------------------------------------------------------------------------------------------------------------------------------+
; Slow Corner Signal Integrity Metrics                                                                                                                                                                                                                                                                                                                                                                                                                                                                                                                                                                                                                                                       ;
+---------------+--------------+---------------------+---------------------+------------------------------+------------------------------+---------------------+---------------------+--------------------------------------+--------------------------------------+-----------------------------+-----------------------------+----------------------------+----------------------------+-----------------------------+-----------------------------+--------------------+--------------------+-------------------------------------+-------------------------------------+----------------------------+----------------------------+---------------------------+---------------------------+
; Pin           ; I/O Standard ; Board Delay on Rise ; Board Delay on Fall ; Steady State Voh at FPGA Pin ; Steady State Vol at FPGA Pin ; Voh Max at FPGA Pin ; Vol Min at FPGA Pin ; Ringback Voltage on Rise at FPGA Pin ; Ringback Voltage on Fall at FPGA Pin ; 10-90 Rise Time at FPGA Pin ; 90-10 Fall Time at FPGA Pin ; Monotonic Rise at FPGA Pin ; Monotonic Fall at FPGA Pin ; Steady State Voh at Far-end ; Steady State Vol at Far-end ; Voh Max at Far-end ; Vol Min at Far-end ; Ringback Voltage on Rise at Far-end ; Ringback Voltage on Fall at Far-end ; 10-90 Rise Time at Far-end ; 90-10 Fall Time at Far-end ; Monotonic Rise at Far-end ; Monotonic Fall at Far-end ;
+---------------+--------------+---------------------+---------------------+------------------------------+------------------------------+---------------------+---------------------+--------------------------------------+--------------------------------------+-----------------------------+-----------------------------+----------------------------+----------------------------+-----------------------------+-----------------------------+--------------------+--------------------+-------------------------------------+-------------------------------------+----------------------------+----------------------------+---------------------------+---------------------------+
; F0            ; 2.5 V        ; 0 s                 ; 0 s                 ; 2.32 V                       ; 7.25e-07 V                   ; 2.35 V              ; -0.0111 V           ; 0.113 V                              ; 0.035 V                              ; 7.76e-10 s                  ; 8.04e-10 s                  ; Yes                        ; Yes                        ; 2.32 V                      ; 7.25e-07 V                  ; 2.35 V             ; -0.0111 V          ; 0.113 V                             ; 0.035 V                             ; 7.76e-10 s                 ; 8.04e-10 s                 ; Yes                       ; Yes                       ;
; F1            ; 2.5 V        ; 0 s                 ; 0 s                 ; 2.32 V                       ; 7.25e-07 V                   ; 2.35 V              ; -0.0111 V           ; 0.113 V                              ; 0.035 V                              ; 7.76e-10 s                  ; 8.04e-10 s                  ; Yes                        ; Yes                        ; 2.32 V                      ; 7.25e-07 V                  ; 2.35 V             ; -0.0111 V          ; 0.113 V                             ; 0.035 V                             ; 7.76e-10 s                 ; 8.04e-10 s                 ; Yes                       ; Yes                       ;
; F2            ; 2.5 V        ; 0 s                 ; 0 s                 ; 2.32 V                       ; 7.25e-07 V                   ; 2.33 V              ; -0.00317 V          ; 0.162 V                              ; 0.063 V                              ; 3.54e-09 s                  ; 3.41e-09 s                  ; Yes                        ; Yes                        ; 2.32 V                      ; 7.25e-07 V                  ; 2.33 V             ; -0.00317 V         ; 0.162 V                             ; 0.063 V                             ; 3.54e-09 s                 ; 3.41e-09 s                 ; Yes                       ; Yes                       ;
; F3            ; 2.5 V        ; 0 s                 ; 0 s                 ; 2.32 V                       ; 7.25e-07 V                   ; 2.35 V              ; -0.0111 V           ; 0.113 V                              ; 0.035 V                              ; 7.76e-10 s                  ; 8.04e-10 s                  ; Yes                        ; Yes                        ; 2.32 V                      ; 7.25e-07 V                  ; 2.35 V             ; -0.0111 V          ; 0.113 V                             ; 0.035 V                             ; 7.76e-10 s                 ; 8.04e-10 s                 ; Yes                       ; Yes                       ;
; C0            ; 2.5 V        ; 0 s                 ; 0 s                 ; 2.32 V                       ; 7.25e-07 V                   ; 2.35 V              ; -0.0111 V           ; 0.113 V                              ; 0.035 V                              ; 7.76e-10 s                  ; 8.04e-10 s                  ; Yes                        ; Yes                        ; 2.32 V                      ; 7.25e-07 V                  ; 2.35 V             ; -0.0111 V          ; 0.113 V                             ; 0.035 V                             ; 7.76e-10 s                 ; 8.04e-10 s                 ; Yes                       ; Yes                       ;
; b             ; 2.5 V        ; 0 s                 ; 0 s                 ; 2.32 V                       ; 1.08e-06 V                   ; 2.36 V              ; -0.0113 V           ; 0.122 V                              ; 0.022 V                              ; 4.5e-10 s                   ; 4.45e-10 s                  ; Yes                        ; Yes                        ; 2.32 V                      ; 1.08e-06 V                  ; 2.36 V             ; -0.0113 V          ; 0.122 V                             ; 0.022 V                             ; 4.5e-10 s                  ; 4.45e-10 s                 ; Yes                       ; Yes                       ;
; c             ; 2.5 V        ; 0 s                 ; 0 s                 ; 2.32 V                       ; 1.08e-06 V                   ; 2.36 V              ; -0.0113 V           ; 0.122 V                              ; 0.022 V                              ; 4.5e-10 s                   ; 4.45e-10 s                  ; Yes                        ; Yes                        ; 2.32 V                      ; 1.08e-06 V                  ; 2.36 V             ; -0.0113 V          ; 0.122 V                             ; 0.022 V                             ; 4.5e-10 s                  ; 4.45e-10 s                 ; Yes                       ; Yes                       ;
; d             ; 2.5 V        ; 0 s                 ; 0 s                 ; 2.32 V                       ; 1.08e-06 V                   ; 2.36 V              ; -0.0113 V           ; 0.122 V                              ; 0.022 V                              ; 4.5e-10 s                   ; 4.45e-10 s                  ; Yes                        ; Yes                        ; 2.32 V                      ; 1.08e-06 V                  ; 2.36 V             ; -0.0113 V          ; 0.122 V                             ; 0.022 V                             ; 4.5e-10 s                  ; 4.45e-10 s                 ; Yes                       ; Yes                       ;
; e             ; 2.5 V        ; 0 s                 ; 0 s                 ; 2.32 V                       ; 1.08e-06 V                   ; 2.36 V              ; -0.0113 V           ; 0.122 V                              ; 0.022 V                              ; 4.5e-10 s                   ; 4.45e-10 s                  ; Yes                        ; Yes                        ; 2.32 V                      ; 1.08e-06 V                  ; 2.36 V             ; -0.0113 V          ; 0.122 V                             ; 0.022 V                             ; 4.5e-10 s                  ; 4.45e-10 s                 ; Yes                       ; Yes                       ;
; f             ; 2.5 V        ; 0 s                 ; 0 s                 ; 2.32 V                       ; 1.08e-06 V                   ; 2.36 V              ; -0.0113 V           ; 0.122 V                              ; 0.022 V                              ; 4.5e-10 s                   ; 4.45e-10 s                  ; Yes                        ; Yes                        ; 2.32 V                      ; 1.08e-06 V                  ; 2.36 V             ; -0.0113 V          ; 0.122 V                             ; 0.022 V                             ; 4.5e-10 s                  ; 4.45e-10 s                 ; Yes                       ; Yes                       ;
; g             ; 2.5 V        ; 0 s                 ; 0 s                 ; 2.32 V                       ; 1.08e-06 V                   ; 2.36 V              ; -0.0113 V           ; 0.122 V                              ; 0.022 V                              ; 4.5e-10 s                   ; 4.45e-10 s                  ; Yes                        ; Yes                        ; 2.32 V                      ; 1.08e-06 V                  ; 2.36 V             ; -0.0113 V          ; 0.122 V                             ; 0.022 V                             ; 4.5e-10 s                  ; 4.45e-10 s                 ; Yes                       ; Yes                       ;
; a             ; 2.5 V        ; 0 s                 ; 0 s                 ; 2.32 V                       ; 1.08e-06 V                   ; 2.36 V              ; -0.0113 V           ; 0.122 V                              ; 0.022 V                              ; 4.5e-10 s                   ; 4.45e-10 s                  ; Yes                        ; Yes                        ; 2.32 V                      ; 1.08e-06 V                  ; 2.36 V             ; -0.0113 V          ; 0.122 V                             ; 0.022 V                             ; 4.5e-10 s                  ; 4.45e-10 s                 ; Yes                       ; Yes                       ;
; ~ALTERA_DCLK~ ; 2.5 V        ; 0 s                 ; 0 s                 ; 2.32 V                       ; 5.68e-07 V                   ; 2.35 V              ; -0.0132 V           ; 0.2 V                                ; 0.027 V                              ; 5.26e-10 s                  ; 4.81e-10 s                  ; Yes                        ; Yes                        ; 2.32 V                      ; 5.68e-07 V                  ; 2.35 V             ; -0.0132 V          ; 0.2 V                               ; 0.027 V                             ; 5.26e-10 s                 ; 4.81e-10 s                 ; Yes                       ; Yes                       ;
; ~ALTERA_nCEO~ ; 2.5 V        ; 0 s                 ; 0 s                 ; 2.32 V                       ; 9.36e-07 V                   ; 2.35 V              ; -0.00444 V          ; 0.18 V                               ; 0.019 V                              ; 7.23e-10 s                  ; 9.82e-10 s                  ; Yes                        ; Yes                        ; 2.32 V                      ; 9.36e-07 V                  ; 2.35 V             ; -0.00444 V         ; 0.18 V                              ; 0.019 V                             ; 7.23e-10 s                 ; 9.82e-10 s                 ; Yes                       ; Yes                       ;
+---------------+--------------+---------------------+---------------------+------------------------------+------------------------------+---------------------+---------------------+--------------------------------------+--------------------------------------+-----------------------------+-----------------------------+----------------------------+----------------------------+-----------------------------+-----------------------------+--------------------+--------------------+-------------------------------------+-------------------------------------+----------------------------+----------------------------+---------------------------+---------------------------+


+--------------------------------------------------------------------------------------------------------------------------------------------------------------------------------------------------------------------------------------------------------------------------------------------------------------------------------------------------------------------------------------------------------------------------------------------------------------------------------------------------------------------------------------------------------------------------------------------------------------------------------------------------------------------------------------------+
; Fast Corner Signal Integrity Metrics                                                                                                                                                                                                                                                                                                                                                                                                                                                                                                                                                                                                                                                       ;
+---------------+--------------+---------------------+---------------------+------------------------------+------------------------------+---------------------+---------------------+--------------------------------------+--------------------------------------+-----------------------------+-----------------------------+----------------------------+----------------------------+-----------------------------+-----------------------------+--------------------+--------------------+-------------------------------------+-------------------------------------+----------------------------+----------------------------+---------------------------+---------------------------+
; Pin           ; I/O Standard ; Board Delay on Rise ; Board Delay on Fall ; Steady State Voh at FPGA Pin ; Steady State Vol at FPGA Pin ; Voh Max at FPGA Pin ; Vol Min at FPGA Pin ; Ringback Voltage on Rise at FPGA Pin ; Ringback Voltage on Fall at FPGA Pin ; 10-90 Rise Time at FPGA Pin ; 90-10 Fall Time at FPGA Pin ; Monotonic Rise at FPGA Pin ; Monotonic Fall at FPGA Pin ; Steady State Voh at Far-end ; Steady State Vol at Far-end ; Voh Max at Far-end ; Vol Min at Far-end ; Ringback Voltage on Rise at Far-end ; Ringback Voltage on Fall at Far-end ; 10-90 Rise Time at Far-end ; 90-10 Fall Time at Far-end ; Monotonic Rise at Far-end ; Monotonic Fall at Far-end ;
+---------------+--------------+---------------------+---------------------+------------------------------+------------------------------+---------------------+---------------------+--------------------------------------+--------------------------------------+-----------------------------+-----------------------------+----------------------------+----------------------------+-----------------------------+-----------------------------+--------------------+--------------------+-------------------------------------+-------------------------------------+----------------------------+----------------------------+---------------------------+---------------------------+
; F0            ; 2.5 V        ; 0 s                 ; 0 s                 ; 2.62 V                       ; 2.78e-08 V                   ; 2.71 V              ; -0.0349 V           ; 0.253 V                              ; 0.069 V                              ; 4.96e-10 s                  ; 5.19e-10 s                  ; No                         ; Yes                        ; 2.62 V                      ; 2.78e-08 V                  ; 2.71 V             ; -0.0349 V          ; 0.253 V                             ; 0.069 V                             ; 4.96e-10 s                 ; 5.19e-10 s                 ; No                        ; Yes                       ;
; F1            ; 2.5 V        ; 0 s                 ; 0 s                 ; 2.62 V                       ; 2.78e-08 V                   ; 2.71 V              ; -0.0349 V           ; 0.253 V                              ; 0.069 V                              ; 4.96e-10 s                  ; 5.19e-10 s                  ; No                         ; Yes                        ; 2.62 V                      ; 2.78e-08 V                  ; 2.71 V             ; -0.0349 V          ; 0.253 V                             ; 0.069 V                             ; 4.96e-10 s                 ; 5.19e-10 s                 ; No                        ; Yes                       ;
; F2            ; 2.5 V        ; 0 s                 ; 0 s                 ; 2.62 V                       ; 2.78e-08 V                   ; 2.64 V              ; -0.0109 V           ; 0.244 V                              ; 0.16 V                               ; 2.42e-09 s                  ; 2.37e-09 s                  ; No                         ; Yes                        ; 2.62 V                      ; 2.78e-08 V                  ; 2.64 V             ; -0.0109 V          ; 0.244 V                             ; 0.16 V                              ; 2.42e-09 s                 ; 2.37e-09 s                 ; No                        ; Yes                       ;
; F3            ; 2.5 V        ; 0 s                 ; 0 s                 ; 2.62 V                       ; 2.78e-08 V                   ; 2.71 V              ; -0.0349 V           ; 0.253 V                              ; 0.069 V                              ; 4.96e-10 s                  ; 5.19e-10 s                  ; No                         ; Yes                        ; 2.62 V                      ; 2.78e-08 V                  ; 2.71 V             ; -0.0349 V          ; 0.253 V                             ; 0.069 V                             ; 4.96e-10 s                 ; 5.19e-10 s                 ; No                        ; Yes                       ;
; C0            ; 2.5 V        ; 0 s                 ; 0 s                 ; 2.62 V                       ; 2.78e-08 V                   ; 2.71 V              ; -0.0349 V           ; 0.253 V                              ; 0.069 V                              ; 4.96e-10 s                  ; 5.19e-10 s                  ; No                         ; Yes                        ; 2.62 V                      ; 2.78e-08 V                  ; 2.71 V             ; -0.0349 V          ; 0.253 V                             ; 0.069 V                             ; 4.96e-10 s                 ; 5.19e-10 s                 ; No                        ; Yes                       ;
; b             ; 2.5 V        ; 0 s                 ; 0 s                 ; 2.62 V                       ; 4.11e-08 V                   ; 2.73 V              ; -0.0566 V           ; 0.191 V                              ; 0.12 V                               ; 2.69e-10 s                  ; 2.76e-10 s                  ; Yes                        ; Yes                        ; 2.62 V                      ; 4.11e-08 V                  ; 2.73 V             ; -0.0566 V          ; 0.191 V                             ; 0.12 V                              ; 2.69e-10 s                 ; 2.76e-10 s                 ; Yes                       ; Yes                       ;
; c             ; 2.5 V        ; 0 s                 ; 0 s                 ; 2.62 V                       ; 4.11e-08 V                   ; 2.73 V              ; -0.0566 V           ; 0.191 V                              ; 0.12 V                               ; 2.69e-10 s                  ; 2.76e-10 s                  ; Yes                        ; Yes                        ; 2.62 V                      ; 4.11e-08 V                  ; 2.73 V             ; -0.0566 V          ; 0.191 V                             ; 0.12 V                              ; 2.69e-10 s                 ; 2.76e-10 s                 ; Yes                       ; Yes                       ;
; d             ; 2.5 V        ; 0 s                 ; 0 s                 ; 2.62 V                       ; 4.11e-08 V                   ; 2.73 V              ; -0.0566 V           ; 0.191 V                              ; 0.12 V                               ; 2.69e-10 s                  ; 2.76e-10 s                  ; Yes                        ; Yes                        ; 2.62 V                      ; 4.11e-08 V                  ; 2.73 V             ; -0.0566 V          ; 0.191 V                             ; 0.12 V                              ; 2.69e-10 s                 ; 2.76e-10 s                 ; Yes                       ; Yes                       ;
; e             ; 2.5 V        ; 0 s                 ; 0 s                 ; 2.62 V                       ; 4.11e-08 V                   ; 2.73 V              ; -0.0566 V           ; 0.191 V                              ; 0.12 V                               ; 2.69e-10 s                  ; 2.76e-10 s                  ; Yes                        ; Yes                        ; 2.62 V                      ; 4.11e-08 V                  ; 2.73 V             ; -0.0566 V          ; 0.191 V                             ; 0.12 V                              ; 2.69e-10 s                 ; 2.76e-10 s                 ; Yes                       ; Yes                       ;
; f             ; 2.5 V        ; 0 s                 ; 0 s                 ; 2.62 V                       ; 4.11e-08 V                   ; 2.73 V              ; -0.0566 V           ; 0.191 V                              ; 0.12 V                               ; 2.69e-10 s                  ; 2.76e-10 s                  ; Yes                        ; Yes                        ; 2.62 V                      ; 4.11e-08 V                  ; 2.73 V             ; -0.0566 V          ; 0.191 V                             ; 0.12 V                              ; 2.69e-10 s                 ; 2.76e-10 s                 ; Yes                       ; Yes                       ;
; g             ; 2.5 V        ; 0 s                 ; 0 s                 ; 2.62 V                       ; 4.11e-08 V                   ; 2.73 V              ; -0.0566 V           ; 0.191 V                              ; 0.12 V                               ; 2.69e-10 s                  ; 2.76e-10 s                  ; Yes                        ; Yes                        ; 2.62 V                      ; 4.11e-08 V                  ; 2.73 V             ; -0.0566 V          ; 0.191 V                             ; 0.12 V                              ; 2.69e-10 s                 ; 2.76e-10 s                 ; Yes                       ; Yes                       ;
; a             ; 2.5 V        ; 0 s                 ; 0 s                 ; 2.62 V                       ; 4.11e-08 V                   ; 2.73 V              ; -0.0566 V           ; 0.191 V                              ; 0.12 V                               ; 2.69e-10 s                  ; 2.76e-10 s                  ; Yes                        ; Yes                        ; 2.62 V                      ; 4.11e-08 V                  ; 2.73 V             ; -0.0566 V          ; 0.191 V                             ; 0.12 V                              ; 2.69e-10 s                 ; 2.76e-10 s                 ; Yes                       ; Yes                       ;
; ~ALTERA_DCLK~ ; 2.5 V        ; 0 s                 ; 0 s                 ; 2.62 V                       ; 2.22e-08 V                   ; 2.72 V              ; -0.0747 V           ; 0.28 V                               ; 0.169 V                              ; 3.1e-10 s                   ; 3.01e-10 s                  ; No                         ; Yes                        ; 2.62 V                      ; 2.22e-08 V                  ; 2.72 V             ; -0.0747 V          ; 0.28 V                              ; 0.169 V                             ; 3.1e-10 s                  ; 3.01e-10 s                 ; No                        ; Yes                       ;
; ~ALTERA_nCEO~ ; 2.5 V        ; 0 s                 ; 0 s                 ; 2.62 V                       ; 3.53e-08 V                   ; 2.7 V               ; -0.0212 V           ; 0.204 V                              ; 0.049 V                              ; 4.85e-10 s                  ; 6.73e-10 s                  ; No                         ; Yes                        ; 2.62 V                      ; 3.53e-08 V                  ; 2.7 V              ; -0.0212 V          ; 0.204 V                             ; 0.049 V                             ; 4.85e-10 s                 ; 6.73e-10 s                 ; No                        ; Yes                       ;
+---------------+--------------+---------------------+---------------------+------------------------------+------------------------------+---------------------+---------------------+--------------------------------------+--------------------------------------+-----------------------------+-----------------------------+----------------------------+----------------------------+-----------------------------+-----------------------------+--------------------+--------------------+-------------------------------------+-------------------------------------+----------------------------+----------------------------+---------------------------+---------------------------+


-------------------
; Clock Transfers ;
-------------------
Nothing to report.


---------------
; Report TCCS ;
---------------
No dedicated SERDES Transmitter circuitry present in device or used in design


---------------
; Report RSKM ;
---------------
No non-DPA dedicated SERDES Receiver circuitry present in device or used in design


+------------------------------------------------+
; Unconstrained Paths                            ;
+---------------------------------+-------+------+
; Property                        ; Setup ; Hold ;
+---------------------------------+-------+------+
; Illegal Clocks                  ; 0     ; 0    ;
; Unconstrained Clocks            ; 0     ; 0    ;
; Unconstrained Input Ports       ; 10    ; 10   ;
; Unconstrained Input Port Paths  ; 80    ; 80   ;
; Unconstrained Output Ports      ; 8     ; 8    ;
; Unconstrained Output Port Paths ; 80    ; 80   ;
+---------------------------------+-------+------+


+------------------------------------+
; TimeQuest Timing Analyzer Messages ;
+------------------------------------+
Info: *******************************************************************
Info: Running Quartus II 64-Bit TimeQuest Timing Analyzer
    Info: Version 13.1.0 Build 162 10/23/2013 SJ Web Edition
    Info: Processing started: Thu Dec 15 16:14:45 2022
Info: Command: quartus_sta parcial_digitales -c parcial_digitales
Info: qsta_default_script.tcl version: #1
Info (11104): Parallel Compilation has detected 8 hyper-threaded processors. However, the extra hyper-threaded processors will not be used by default. Parallel Compilation will use 4 of the 4 physical processors detected instead.
Info (21077): Core supply voltage is 1.2V
Info (21077): Low junction temperature is 0 degrees C
Info (21077): High junction temperature is 85 degrees C
Critical Warning (332012): Synopsys Design Constraints File file not found: 'parcial_digitales.sdc'. A Synopsys Design Constraints File is required by the TimeQuest Timing Analyzer to get proper timing constraints. Without it, the Compiler will not properly optimize the design.
Info (332142): No user constrained base clocks found in the design. Calling "derive_clocks -period 1.0"
Info (332096): The command derive_clocks did not find any clocks to derive.  No clocks were created or changed.
Warning (332068): No clocks defined in design.
Info (332143): No user constrained clock uncertainty found in the design. Calling "derive_clock_uncertainty"
Info (332154): The derive_clock_uncertainty command did not apply clock uncertainty to any clock-to-clock transfers.
Info: Found TIMEQUEST_REPORT_SCRIPT_INCLUDE_DEFAULT_ANALYSIS = ON
Info (332159): No clocks to report
Info: Analyzing Slow 1200mV 85C Model
Info (332140): No fmax paths to report
Info (332140): No Setup paths to report
Info (332140): No Hold paths to report
Info (332140): No Recovery paths to report
Info (332140): No Removal paths to report
Info (332140): No Minimum Pulse Width paths to report
Info: Analyzing Slow 1200mV 0C Model
Info (334003): Started post-fitting delay annotation
Info (334004): Delay annotation completed successfully
Info (332142): No user constrained base clocks found in the design. Calling "derive_clocks -period 1.0"
Info (332096): The command derive_clocks did not find any clocks to derive.  No clocks were created or changed.
Warning (332068): No clocks defined in design.
Info (332154): The derive_clock_uncertainty command did not apply clock uncertainty to any clock-to-clock transfers.
Info (332140): No fmax paths to report
Info (332140): No Setup paths to report
Info (332140): No Hold paths to report
Info (332140): No Recovery paths to report
Info (332140): No Removal paths to report
Info (332140): No Minimum Pulse Width paths to report
Info: Analyzing Fast 1200mV 0C Model
Info (332142): No user constrained base clocks found in the design. Calling "derive_clocks -period 1.0"
Info (332096): The command derive_clocks did not find any clocks to derive.  No clocks were created or changed.
Warning (332068): No clocks defined in design.
Info (332154): The derive_clock_uncertainty command did not apply clock uncertainty to any clock-to-clock transfers.
Info (332140): No Setup paths to report
Info (332140): No Hold paths to report
Info (332140): No Recovery paths to report
Info (332140): No Removal paths to report
Info (332140): No Minimum Pulse Width paths to report
Info (332102): Design is not fully constrained for setup requirements
Info (332102): Design is not fully constrained for hold requirements
Info: Quartus II 64-Bit TimeQuest Timing Analyzer was successful. 0 errors, 4 warnings
    Info: Peak virtual memory: 4671 megabytes
    Info: Processing ended: Thu Dec 15 16:14:50 2022
    Info: Elapsed time: 00:00:05
    Info: Total CPU time (on all processors): 00:00:02


